
Allocating common symbols
Common symbol       size              file

netbufpool          0x4               binaries/net.o
readylist           0x2               binaries/ready.o
rfltab              0x5a0             binaries/rflinit.o
sleepq              0x2               binaries/clkinit.o
sem                 0x10              binaries/xsh_dine.o
nmeals              0x4               binaries/xsh_dine.o
nnames              0x4               binaries/naminit.o
udptab              0x6a8             binaries/udp.o
opkt                0x3e8             binaries/xsh_tftp.o
minheap             0x4               binaries/meminit.o
marks               0x50              binaries/mark.o
currpid             0x4               binaries/initialize.o
Lf_data             0x20c             binaries/lfscreate.o
porttab             0x2d0             binaries/ptinit.o
girmask             0x2               binaries/evec.o
ttytab              0x110             binaries/ttyinit.o
proctab             0x1770            binaries/initialize.o
prcount             0x4               binaries/initialize.o
lfltab              0xf00             binaries/lflinit.o
rdstab              0x8c              binaries/rdsinit.o
ethertab            0x138             binaries/ethinit.o
nsaddr              0x4               binaries/dns.o
NetData             0xc0              binaries/net.o
ipkt                0x3e8             binaries/xsh_tftp.o
nmarks              0x4               binaries/mark.o
Defer               0x8               binaries/resched.o
semtab              0x4b0             binaries/initialize.o
maxheap             0x4               binaries/meminit.o
preempt             0x4               binaries/clkinit.o
buftab              0xf0              binaries/bufinit.o
Rf_data             0x18              binaries/rfsinit.o
term                0x4               binaries/xsh_dine.o
savjmp              0x18              binaries/xsh_basic.o
mkmutex             0x4               binaries/mark.o
network_status      0x4               binaries/ethinit.o
phil                0x10              binaries/xsh_dine.o
clktime             0x4               binaries/clkinit.o
arpcache            0x500             binaries/arp.o
icmptab             0x230             binaries/icmp.o
nbpools             0x4               binaries/bufinit.o
queuetab            0x980             binaries/queue.o
ptnextid            0x4               binaries/ptinit.o
Ram                 0x19000           binaries/raminit.o
ipoqueue            0x2c              binaries/ip.o
eaten               0x10              binaries/xsh_dine.o
uedev               0xa20             binaries/uechoinit.o
memlist             0x8               binaries/initialize.o
nametab             0x19a0            binaries/naminit.o
ptfree              0x4               binaries/ptinit.o

Memory Configuration

Name             Origin             Length             Attributes
*default*        0x0000000000000000 0xffffffffffffffff

Linker script and memory map

                0x0000000000100000                physbase = 0x100000
                0x0000000000100000                . = physbase
                0x0000000000100000                . = ALIGN (0x1000)

.text           0x0000000000100000    0x20000
                0x0000000000100000                text = ABSOLUTE (.)
 *(.text .text.*)
 .text          0x0000000000100000      0x1ac binaries/start.o
                0x0000000000100028                start
                0x00000000001000fa                inb
                0x0000000000100102                inw
                0x000000000010010b                inl
                0x0000000000100113                outb
                0x000000000010011d                outw
                0x0000000000100128                outl
                0x0000000000100132                _rtcin
                0x000000000010013d                ___udivsi3
                0x0000000000100148                ___divsi3
                0x0000000000100154                sbzero
                0x0000000000100164                bcopy
                0x0000000000100178                insw
                0x000000000010018e                outsw
                0x00000000001001a4                lidt
 .text          0x00000000001001ac      0x2f4 binaries/ascdate.o
                0x00000000001001ac                ascdate
 .text          0x00000000001004a0       0x14 binaries/bufinit.o
                0x00000000001004a0                bufinit
 .text          0x00000000001004b4       0x6d binaries/chprio.o
                0x00000000001004b4                chprio
 *fill*         0x0000000000100521        0x3 00
 .text          0x0000000000100524       0x72 binaries/clkhandler.o
                0x0000000000100524                clkhandler
 *fill*         0x0000000000100596        0x2 00
 .text          0x0000000000100598       0x77 binaries/clkinit.o
                0x0000000000100598                clkinit
 *fill*         0x000000000010060f        0x1 00
 .text          0x0000000000100610       0x51 binaries/close.o
                0x0000000000100610                close
 *fill*         0x0000000000100661        0x3 00
 .text          0x0000000000100664        0x0 binaries/conf.o
 .text          0x0000000000100664       0x66 binaries/control.o
                0x0000000000100664                control
 *fill*         0x00000000001006ca        0x2 00
 .text          0x00000000001006cc      0x2a3 binaries/create.o
                0x00000000001006cc                create
 *fill*         0x000000000010096f        0x1 00
 .text          0x0000000000100970      0x2b7 binaries/early_imr.o
                0x0000000000100970                intel_cln_early_sb_read_reg
                0x00000000001009e1                intel_cln_early_sb_write_reg
                0x0000000000100aee                remove_irm_protections
 *fill*         0x0000000000100c27        0x1 00
 .text          0x0000000000100c28      0x37f binaries/evec.o
                0x0000000000100c28                setirmask
                0x0000000000100c67                set_evec
                0x0000000000100cc6                initevec
                0x0000000000100dda                trap
 *fill*         0x0000000000100fa7        0x1 00
 .text          0x0000000000100fa8       0x15 binaries/exit.o
                0x0000000000100fa8                exit
 *fill*         0x0000000000100fbd        0x3 00
 .text          0x0000000000100fc0       0x6a binaries/freebuf.o
                0x0000000000100fc0                freebuf
 *fill*         0x000000000010102a        0x2 00
 .text          0x000000000010102c      0x143 binaries/freemem.o
                0x000000000010102c                freemem
 *fill*         0x000000000010116f        0x1 00
 .text          0x0000000000101170       0x6e binaries/getbuf.o
                0x0000000000101170                getbuf
 *fill*         0x00000000001011de        0x2 00
 .text          0x00000000001011e0       0x51 binaries/getc.o
                0x00000000001011e0                getc
 *fill*         0x0000000000101231        0x3 00
 .text          0x0000000000101234       0x68 binaries/getdev.o
                0x0000000000101234                getdev
 .text          0x000000000010129c       0x84 binaries/getitem.o
                0x000000000010129c                getitem
                0x00000000001012cb                getlast
                0x00000000001012f7                getfirst
 .text          0x0000000000101320       0xb5 binaries/getmem.o
                0x0000000000101320                getmem
 *fill*         0x00000000001013d5        0x3 00
 .text          0x00000000001013d8        0xa binaries/getpid.o
                0x00000000001013d8                getpid
 *fill*         0x00000000001013e2        0x2 00
 .text          0x00000000001013e4       0x5e binaries/getprio.o
                0x00000000001013e4                getprio
 *fill*         0x0000000000101442        0x2 00
 .text          0x0000000000101444       0xa2 binaries/getstk.o
                0x0000000000101444                getstk
 *fill*         0x00000000001014e6        0x2 00
 .text          0x00000000001014e8       0x32 binaries/gettime.o
                0x00000000001014e8                gettime
 *fill*         0x000000000010151a        0x2 00
 .text          0x000000000010151c      0x2b5 binaries/getutime.o
                0x000000000010151c                getutime
 *fill*         0x00000000001017d1        0x3 00
 .text          0x00000000001017d4      0xb79 binaries/gpio_i2c.o
                0x000000000010197e                vGalileoInitializeLegacyGPIO
                0x0000000000101bbe                vGalileoInitializeGpioController
                0x0000000000101d48                vGalileoSetGPIOBitDirection
                0x0000000000101d90                vGalileoSetGPIOBitLevel
                0x0000000000101dd8                vGalileoBlinkLEDUsingLegacyGPIO
                0x0000000000101e08                vMicroSecondDelay
                0x0000000000101f9a                vMilliSecondDelay
                0x0000000000101fb9                WriteMultipleByte
                0x0000000000102032                ReadMultipleByte
                0x000000000010229e                vGalileoLegacyGPIOInitializationForLED
 *fill*         0x000000000010234d        0x3 00
 .text          0x0000000000102350       0x51 binaries/init.o
                0x0000000000102350                init
 *fill*         0x00000000001023a1        0x3 00
 .text          0x00000000001023a4      0x27c binaries/initialize.o
                0x00000000001023a4                nulluser
                0x00000000001025d3                stop
                0x00000000001025fa                delay
 .text          0x0000000000102620       0xa4 binaries/insert.o
                0x0000000000102620                insert
 .text          0x00000000001026c4       0xfb binaries/insertd.o
                0x00000000001026c4                insertd
 *fill*         0x00000000001027bf        0x1 00
 .text          0x00000000001027c0        0xa binaries/ioerr.o
                0x00000000001027c0                ioerr
 *fill*         0x00000000001027ca        0x2 00
 .text          0x00000000001027cc        0xa binaries/ionull.o
                0x00000000001027cc                ionull
 *fill*         0x00000000001027d6        0x2 00
 .text          0x00000000001027d8      0x139 binaries/kill.o
                0x00000000001027d8                kill
 *fill*         0x0000000000102911        0x3 00
 .text          0x0000000000102914       0x9a binaries/kprintf.o
                0x0000000000102914                kputc
                0x0000000000102956                kgetc
                0x0000000000102987                kprintf
 *fill*         0x00000000001029ae        0x2 00
 .text          0x00000000001029b0       0xb4 binaries/main.o
                0x00000000001029b0                main
 .text          0x0000000000102a64       0x90 binaries/mark.o
                0x0000000000102a64                markinit
                0x0000000000102a87                mark
 .text          0x0000000000102af4      0x1c7 binaries/meminit.o
                0x0000000000102af4                meminit
                0x0000000000102c43                setsegs
 *fill*         0x0000000000102cbb        0x1 00
 .text          0x0000000000102cbc      0x112 binaries/mkbufpool.o
                0x0000000000102cbc                mkbufpool
 *fill*         0x0000000000102dce        0x2 00
 .text          0x0000000000102dd0       0x40 binaries/netup.o
                0x0000000000102dd0                netup
 .text          0x0000000000102e10       0x63 binaries/newqueue.o
                0x0000000000102e10                newqueue
 *fill*         0x0000000000102e73        0x1 00
 .text          0x0000000000102e74       0x5f binaries/open.o
                0x0000000000102e74                open
 *fill*         0x0000000000102ed3        0x1 00
 .text          0x0000000000102ed4       0x20 binaries/panic.o
                0x0000000000102ed4                panic
 .text          0x0000000000102ef4      0x278 binaries/pci.o
                0x0000000000102ef4                pci_init
                0x0000000000102efe                find_pci_device
                0x0000000000102fba                pci_read_config_byte
                0x0000000000102ff6                pci_read_config_word
                0x0000000000103034                pci_read_config_dword
                0x0000000000103070                pci_write_config_byte
                0x00000000001030aa                pci_write_config_word
                0x00000000001030e5                pci_write_config_dword
                0x000000000010311f                pci_get_dev_mmio_base_addr
 .text          0x000000000010316c       0x9a binaries/platinit.o
                0x000000000010316c                console_init
                0x00000000001031ac                platinit
 *fill*         0x0000000000103206        0x2 00
 .text          0x0000000000103208       0xa3 binaries/ptclear.o
                0x0000000000103208                _ptclear
 *fill*         0x00000000001032ab        0x1 00
 .text          0x00000000001032ac       0x71 binaries/ptcount.o
                0x00000000001032ac                ptcount
 *fill*         0x000000000010331d        0x3 00
 .text          0x0000000000103320       0xc5 binaries/ptcreate.o
                0x0000000000103320                ptcreate
 *fill*         0x00000000001033e5        0x3 00
 .text          0x00000000001033e8       0x68 binaries/ptdelete.o
                0x00000000001033e8                ptdelete
 .text          0x0000000000103450       0x84 binaries/ptinit.o
                0x0000000000103450                ptinit
 .text          0x00000000001034d4       0xbe binaries/ptrecv.o
                0x00000000001034d4                ptrecv
 *fill*         0x0000000000103592        0x2 00
 .text          0x0000000000103594       0x62 binaries/ptreset.o
                0x0000000000103594                ptreset
 *fill*         0x00000000001035f6        0x2 00
 .text          0x00000000001035f8       0xd2 binaries/ptsend.o
                0x00000000001035f8                ptsend
 *fill*         0x00000000001036ca        0x2 00
 .text          0x00000000001036cc       0x5f binaries/putc.o
                0x00000000001036cc                putc
 *fill*         0x000000000010372b        0x1 00
 .text          0x000000000010372c       0xd1 binaries/quark_irq.o
                0x000000000010372c                quark_irq_routing
 *fill*         0x00000000001037fd        0x3 00
 .text          0x0000000000103800      0x1d4 binaries/quark_pdat.o
                0x0000000000103800                get_quark_pdat_entry_data_by_id
                0x00000000001038e1                get_quark_pdat_entry_data_by_desc
 .text          0x00000000001039d4       0xb6 binaries/queue.o
                0x00000000001039d4                enqueue
                0x0000000000103a49                dequeue
 *fill*         0x0000000000103a8a        0x2 00
 .text          0x0000000000103a8c       0x5f binaries/read.o
                0x0000000000103a8c                read
 *fill*         0x0000000000103aeb        0x1 00
 .text          0x0000000000103aec       0x71 binaries/ready.o
                0x0000000000103aec                ready
 *fill*         0x0000000000103b5d        0x3 00
 .text          0x0000000000103b60       0x54 binaries/receive.o
                0x0000000000103b60                receive
 .text          0x0000000000103bb4       0x46 binaries/recvclr.o
                0x0000000000103bb4                recvclr
 *fill*         0x0000000000103bfa        0x2 00
 .text          0x0000000000103bfc       0xa5 binaries/recvtime.o
                0x0000000000103bfc                recvtime
 *fill*         0x0000000000103ca1        0x3 00
 .text          0x0000000000103ca4       0x65 binaries/remove.o
                0x0000000000103ca4                remove
 *fill*         0x0000000000103d09        0x3 00
 .text          0x0000000000103d0c       0xc2 binaries/rename.o
                0x0000000000103d0c                rename
 *fill*         0x0000000000103dce        0x2 00
 .text          0x0000000000103dd0      0x138 binaries/resched.o
                0x0000000000103dd0                resched
                0x0000000000103e95                resched_cntl
 .text          0x0000000000103f08       0x8a binaries/resume.o
                0x0000000000103f08                resume
 *fill*         0x0000000000103f92        0x2 00
 .text          0x0000000000103f94       0x58 binaries/seek.o
                0x0000000000103f94                seek
 .text          0x0000000000103fec       0x4a binaries/semcount.o
                0x0000000000103fec                semcount
 *fill*         0x0000000000104036        0x2 00
 .text          0x0000000000104038       0x97 binaries/semcreate.o
                0x0000000000104038                semcreate
 *fill*         0x00000000001040cf        0x1 00
 .text          0x00000000001040d0       0xab binaries/semdelete.o
                0x00000000001040d0                semdelete
 *fill*         0x000000000010417b        0x1 00
 .text          0x000000000010417c       0x96 binaries/semreset.o
                0x000000000010417c                semreset
 *fill*         0x0000000000104212        0x2 00
 .text          0x0000000000104214       0xb1 binaries/send.o
                0x0000000000104214                send
 *fill*         0x00000000001042c5        0x3 00
 .text          0x00000000001042c8       0x94 binaries/showmema.o
                0x00000000001042c8                showmema
 .text          0x000000000010435c       0x7f binaries/signal.o
                0x000000000010435c                signal
 *fill*         0x00000000001043db        0x1 00
 .text          0x00000000001043dc       0xaa binaries/signaln.o
                0x00000000001043dc                signaln
 *fill*         0x0000000000104486        0x2 00
 .text          0x0000000000104488       0xbe binaries/sleep.o
                0x0000000000104488                sleepms
                0x0000000000104515                sleep
 *fill*         0x0000000000104546        0x2 00
 .text          0x0000000000104548        0xa binaries/ssignal.o
                0x0000000000104548                ssignal
 *fill*         0x0000000000104552        0x2 00
 .text          0x0000000000104554      0x185 binaries/stacktrace.o
                0x0000000000104554                stacktrace
 *fill*         0x00000000001046d9        0x3 00
 .text          0x00000000001046dc       0xbd binaries/suspend.o
                0x00000000001046dc                suspend
 *fill*         0x0000000000104799        0x3 00
 .text          0x000000000010479c        0xa binaries/swait.o
                0x000000000010479c                swait
 *fill*         0x00000000001047a6        0x2 00
 .text          0x00000000001047a8       0xab binaries/unsleep.o
                0x00000000001047a8                unsleep
 *fill*         0x0000000000104853        0x1 00
 .text          0x0000000000104854       0x15 binaries/userret.o
                0x0000000000104854                userret
 *fill*         0x0000000000104869        0x3 00
 .text          0x000000000010486c       0xa3 binaries/wait.o
                0x000000000010486c                wait
 *fill*         0x000000000010490f        0x1 00
 .text          0x0000000000104910       0x72 binaries/wakeup.o
                0x0000000000104910                wakeup
 *fill*         0x0000000000104982        0x2 00
 .text          0x0000000000104984       0x5f binaries/write.o
                0x0000000000104984                write
 *fill*         0x00000000001049e3        0x1 00
 .text          0x00000000001049e4       0x19 binaries/xdone.o
                0x00000000001049e4                xdone
 *fill*         0x00000000001049fd        0x3 00
 .text          0x0000000000104a00       0x26 binaries/yield.o
                0x0000000000104a00                yield
 *fill*         0x0000000000104a26        0x2 00
 .text          0x0000000000104a28       0x11 binaries/abs.o
                0x0000000000104a28                abs
 *fill*         0x0000000000104a39        0x3 00
 .text          0x0000000000104a3c       0x67 binaries/atoi.o
                0x0000000000104a3c                atoi
 *fill*         0x0000000000104aa3        0x1 00
 .text          0x0000000000104aa4       0x67 binaries/atol.o
                0x0000000000104aa4                atol
 *fill*         0x0000000000104b0b        0x1 00
 .text          0x0000000000104b0c       0x16 binaries/bzero.o
                0x0000000000104b0c                bzero
 *fill*         0x0000000000104b22        0x2 00
 .text          0x0000000000104b24        0x0 binaries/ctype_.o
 .text          0x0000000000104b24      0x666 binaries/doprnt.o
                0x0000000000104c95                _doprnt
 *fill*         0x000000000010518a        0x2 00
 .text          0x000000000010518c      0x572 binaries/doscan.o
                0x000000000010518c                _doscan
 *fill*         0x00000000001056fe        0x2 00
 .text          0x0000000000105700      0x622 binaries/fdoprnt.o
                0x000000000010577a                _fdoprnt
 *fill*         0x0000000000105d22        0x2 00
 .text          0x0000000000105d24       0x1c binaries/fgetc.o
                0x0000000000105d24                fgetc
 .text          0x0000000000105d40       0x5e binaries/fgets.o
                0x0000000000105d40                fgets
 *fill*         0x0000000000105d9e        0x2 00
 .text          0x0000000000105da0       0x7c binaries/fprintf.o
                0x0000000000105db5                fprintf
 .text          0x0000000000105e1c       0x2e binaries/fputc.o
                0x0000000000105e1c                fputc
 *fill*         0x0000000000105e4a        0x2 00
 .text          0x0000000000105e4c       0x36 binaries/fputs.o
                0x0000000000105e4c                fputs
 *fill*         0x0000000000105e82        0x2 00
 .text          0x0000000000105e84       0x7b binaries/fscanf.o
                0x0000000000105ec0                fscanf
 *fill*         0x0000000000105eff        0x1 00
 .text          0x0000000000105f00       0x28 binaries/getchar.o
                0x0000000000105f00                getchar
 .text          0x0000000000105f28       0x40 binaries/isatty.o
                0x0000000000105f28                isatty
 .text          0x0000000000105f68       0x16 binaries/isdigit.o
                0x0000000000105f68                isdigit
 *fill*         0x0000000000105f7e        0x2 00
 .text          0x0000000000105f80       0x11 binaries/labs.o
                0x0000000000105f80                labs
 *fill*         0x0000000000105f91        0x3 00
 .text          0x0000000000105f94       0x39 binaries/memchr.o
                0x0000000000105f94                memchr
 *fill*         0x0000000000105fcd        0x3 00
 .text          0x0000000000105fd0       0x4f binaries/memcmp.o
                0x0000000000105fd0                memcmp
 *fill*         0x000000000010601f        0x1 00
 .text          0x0000000000106020       0x26 binaries/memcpy.o
                0x0000000000106020                memcpy
 *fill*         0x0000000000106046        0x2 00
 .text          0x0000000000106048       0x21 binaries/memset.o
                0x0000000000106048                memset
 *fill*         0x0000000000106069        0x3 00
 .text          0x000000000010606c       0x91 binaries/printf.o
                0x0000000000106081                printf
 *fill*         0x00000000001060fd        0x3 00
 .text          0x0000000000106100       0x2f binaries/putchar.o
                0x0000000000106100                putchar
 *fill*         0x000000000010612f        0x1 00
 .text          0x0000000000106130      0x2ee binaries/qsort.o
                0x0000000000106130                qsort
 *fill*         0x000000000010641e        0x2 00
 .text          0x0000000000106420       0x4b binaries/rand.o
                0x0000000000106420                srand
                0x000000000010642d                rand
 *fill*         0x000000000010646b        0x1 00
 .text          0x000000000010646c       0x51 binaries/sprintf.o
                0x0000000000106481                sprintf
 *fill*         0x00000000001064bd        0x3 00
 .text          0x00000000001064c0       0x6c binaries/sscanf.o
                0x00000000001064ed                sscanf
 .text          0x000000000010652c       0x2d binaries/strcat.o
                0x000000000010652c                strcat
 *fill*         0x0000000000106559        0x3 00
 .text          0x000000000010655c       0x35 binaries/strchr.o
                0x000000000010655c                strchr
 *fill*         0x0000000000106591        0x3 00
 .text          0x0000000000106594       0x48 binaries/strcmp.o
                0x0000000000106594                strcmp
 .text          0x00000000001065dc       0x1d binaries/strcpy.o
                0x00000000001065dc                strcpy
 *fill*         0x00000000001065f9        0x3 00
 .text          0x00000000001065fc       0x14 binaries/strlen.o
                0x00000000001065fc                strlen
 .text          0x0000000000106610       0x3c binaries/strncat.o
                0x0000000000106610                strncat
 .text          0x000000000010664c       0x44 binaries/strncmp.o
                0x000000000010664c                strncmp
 .text          0x0000000000106690       0x55 binaries/strncpy.o
                0x0000000000106690                strncpy
 *fill*         0x00000000001066e5        0x3 00
 .text          0x00000000001066e8       0x24 binaries/strnlen.o
                0x00000000001066e8                strnlen
 .text          0x000000000010670c       0x51 binaries/strpbrk.o
                0x000000000010670c                strpbrk
 *fill*         0x000000000010675d        0x3 00
 .text          0x0000000000106760       0x2b binaries/strrchr.o
                0x0000000000106760                strrchr
 *fill*         0x000000000010678b        0x1 00
 .text          0x000000000010678c       0x51 binaries/strspn.o
                0x000000000010678c                strspn
 *fill*         0x00000000001067dd        0x3 00
 .text          0x00000000001067e0       0x6e binaries/strstr.o
                0x00000000001067e0                strstr
 *fill*         0x000000000010684e        0x2 00
 .text          0x0000000000106850       0x70 binaries/strtok.o
                0x0000000000106850                strtok
 .text          0x00000000001068c0       0x9d binaries/strtol.o
                0x00000000001068c0                strtol
 *fill*         0x000000000010695d        0x3 00
 .text          0x0000000000106960       0x65 binaries/strtoul.o
                0x0000000000106960                strtoul
 *fill*         0x00000000001069c5        0x3 00
 .text          0x00000000001069c8       0x13 binaries/tolower.o
                0x00000000001069c8                tolower
 *fill*         0x00000000001069db        0x1 00
 .text          0x00000000001069dc       0x13 binaries/toupper.o
                0x00000000001069dc                toupper
 *fill*         0x00000000001069ef        0x1 00
 .text          0x00000000001069f0      0x1b8 binaries/xstoul.o
                0x00000000001069f0                _Stoul
 .text          0x0000000000106ba8       0xbd binaries/ttycontrol.o
                0x0000000000106ba8                ttycontrol
 *fill*         0x0000000000106c65        0x3 00
 .text          0x0000000000106c68       0x79 binaries/ttygetc.o
                0x0000000000106c68                ttygetc
 *fill*         0x0000000000106ce1        0x3 00
 .text          0x0000000000106ce4      0x484 binaries/ttyhandle_in.o
                0x0000000000106da3                ttyhandle_in
 .text          0x0000000000107168      0x15b binaries/ttyhandle_out.o
                0x0000000000107168                ttyhandle_out
 *fill*         0x00000000001072c3        0x1 00
 .text          0x00000000001072c4       0x82 binaries/ttyhandler.o
                0x00000000001072c4                ttyhandler
 *fill*         0x0000000000107346        0x2 00
 .text          0x0000000000107348      0x155 binaries/ttyinit.o
                0x0000000000107348                ttyinit
 *fill*         0x000000000010749d        0x3 00
 .text          0x00000000001074a0        0xf binaries/ttykickout.o
                0x00000000001074a0                ttykickout
 *fill*         0x00000000001074af        0x1 00
 .text          0x00000000001074b0       0x8f binaries/ttyputc.o
                0x00000000001074b0                ttyputc
 *fill*         0x000000000010753f        0x1 00
 .text          0x0000000000107540       0xcf binaries/ttyread.o
                0x0000000000107540                ttyread
 *fill*         0x000000000010760f        0x1 00
 .text          0x0000000000107610       0x4a binaries/ttywrite.o
                0x0000000000107610                ttywrite
 *fill*         0x000000000010765a        0x2 00
 .text          0x000000000010765c      0x10e binaries/mount.o
                0x000000000010765c                namlen
                0x0000000000107696                mount
 *fill*         0x000000000010776a        0x2 00
 .text          0x000000000010776c      0x223 binaries/naminit.o
                0x000000000010776c                naminit
 *fill*         0x000000000010798f        0x1 00
 .text          0x0000000000107990      0x218 binaries/nammap.o
                0x0000000000107990                namrepl
                0x0000000000107aae                namcpy
                0x0000000000107b0a                nammap
 .text          0x0000000000107ba8       0x4e binaries/namopen.o
                0x0000000000107ba8                namopen
 *fill*         0x0000000000107bf6        0x2 00
 .text          0x0000000000107bf8       0xe0 binaries/colon2mac.o
                0x0000000000107bf8                colon2mac
 .text          0x0000000000107cd8       0x76 binaries/ethcontrol.o
                0x0000000000107cd8                ethcontrol
 *fill*         0x0000000000107d4e        0x2 00
 .text          0x0000000000107d50       0xdf binaries/ethhandler.o
                0x0000000000107d50                ethhandler
 *fill*         0x0000000000107e2f        0x1 00
 .text          0x0000000000107e30      0x517 binaries/ethinit.o
                0x0000000000107e30                eth_phy_read
                0x0000000000107e70                eth_phy_write
                0x0000000000107eb3                eth_phy_reset
                0x0000000000107fae                ethinit
 *fill*         0x0000000000108347        0x1 00
 .text          0x0000000000108348      0x123 binaries/ethmcast.o
                0x0000000000108348                ethmcast_add
                0x000000000010839b                ethmcast_remove
 *fill*         0x000000000010846b        0x1 00
 .text          0x000000000010846c      0x137 binaries/ethread.o
                0x000000000010846c                ethread
 *fill*         0x00000000001085a3        0x1 00
 .text          0x00000000001085a4       0xa6 binaries/ethwrite.o
                0x00000000001085a4                ethwrite
 *fill*         0x000000000010864a        0x2 00
 .text          0x000000000010864c       0x65 binaries/rdsbufalloc.o
                0x000000000010864c                rdsbufalloc
 *fill*         0x00000000001086b1        0x3 00
 .text          0x00000000001086b4       0x79 binaries/rdsclose.o
                0x00000000001086b4                rdsclose
 *fill*         0x000000000010872d        0x3 00
 .text          0x0000000000108730      0x1fd binaries/rdscomm.o
                0x0000000000108730                rdscomm
 *fill*         0x000000000010892d        0x3 00
 .text          0x0000000000108930      0x18b binaries/rdscontrol.o
                0x0000000000108930                rdscontrol
 *fill*         0x0000000000108abb        0x1 00
 .text          0x0000000000108abc      0x189 binaries/rdsinit.o
                0x0000000000108abc                rdsinit
 *fill*         0x0000000000108c45        0x3 00
 .text          0x0000000000108c48      0x166 binaries/rdsopen.o
                0x0000000000108c48                rdsopen
 *fill*         0x0000000000108dae        0x2 00
 .text          0x0000000000108db0      0x2d4 binaries/rdsprocess.o
                0x0000000000108db0                rdsprocess
 .text          0x0000000000109084      0x195 binaries/rdsread.o
                0x0000000000109084                rdsread
 *fill*         0x0000000000109219        0x3 00
 .text          0x000000000010921c      0x13d binaries/rdswrite.o
                0x000000000010921c                rdswrite
 *fill*         0x0000000000109359        0x3 00
 .text          0x000000000010935c        0xa binaries/ramclose.o
                0x000000000010935c                ramclose
 *fill*         0x0000000000109366        0x2 00
 .text          0x0000000000109368       0x45 binaries/raminit.o
                0x0000000000109368                raminit
 *fill*         0x00000000001093ad        0x3 00
 .text          0x00000000001093b0        0xa binaries/ramopen.o
                0x00000000001093b0                ramopen
 *fill*         0x00000000001093ba        0x2 00
 .text          0x00000000001093bc       0x2f binaries/ramread.o
                0x00000000001093bc                ramread
 *fill*         0x00000000001093eb        0x1 00
 .text          0x00000000001093ec       0x2f binaries/ramwrite.o
                0x00000000001093ec                ramwrite
 *fill*         0x000000000010941b        0x1 00
 .text          0x000000000010941c       0x94 binaries/lfdballoc.o
                0x000000000010941c                lfdballoc
 .text          0x00000000001094b0       0x5d binaries/lfdbfree.o
                0x00000000001094b0                lfdbfree
 *fill*         0x000000000010950d        0x3 00
 .text          0x0000000000109510       0xab binaries/lfflush.o
                0x0000000000109510                lfflush
 *fill*         0x00000000001095bb        0x1 00
 .text          0x00000000001095bc       0x99 binaries/lfgetmode.o
                0x00000000001095bc                lfgetmode
 *fill*         0x0000000000109655        0x3 00
 .text          0x0000000000109658       0x6a binaries/lfiballoc.o
                0x0000000000109658                lfiballoc
 *fill*         0x00000000001096c2        0x2 00
 .text          0x00000000001096c4       0x27 binaries/lfibclear.o
                0x00000000001096c4                lfibclear
 *fill*         0x00000000001096eb        0x1 00
 .text          0x00000000001096ec       0x75 binaries/lfibget.o
                0x00000000001096ec                lfibget
 *fill*         0x0000000000109761        0x3 00
 .text          0x0000000000109764       0xb2 binaries/lfibput.o
                0x0000000000109764                lfibput
 *fill*         0x0000000000109816        0x2 00
 .text          0x0000000000109818       0x79 binaries/lflclose.o
                0x0000000000109818                lflclose
 *fill*         0x0000000000109891        0x3 00
 .text          0x0000000000109894       0xda binaries/lflcontrol.o
                0x0000000000109894                lflcontrol
 *fill*         0x000000000010996e        0x2 00
 .text          0x0000000000109970       0xb4 binaries/lflgetc.o
                0x0000000000109970                lflgetc
 .text          0x0000000000109a24       0xbb binaries/lflinit.o
                0x0000000000109a24                lflinit
 *fill*         0x0000000000109adf        0x1 00
 .text          0x0000000000109ae0       0xbc binaries/lflputc.o
                0x0000000000109ae0                lflputc
 .text          0x0000000000109b9c       0x79 binaries/lflread.o
                0x0000000000109b9c                lflread
 *fill*         0x0000000000109c15        0x3 00
 .text          0x0000000000109c18       0x84 binaries/lflseek.o
                0x0000000000109c18                lflseek
 .text          0x0000000000109c9c       0x58 binaries/lflwrite.o
                0x0000000000109c9c                lflwrite
 .text          0x0000000000109cf4      0x118 binaries/lfsckfmt.o
                0x0000000000109cf4                lfsckfmt
 .text          0x0000000000109e0c      0x737 binaries/lfscontrol.o
                0x0000000000109e6e                lfscontrol
 *fill*         0x000000000010a543        0x1 00
 .text          0x000000000010a544      0x235 binaries/lfscreate.o
                0x000000000010a544                lfscreate
 *fill*         0x000000000010a779        0x3 00
 .text          0x000000000010a77c      0x1bb binaries/lfsetup.o
                0x000000000010a77c                lfsetup
 *fill*         0x000000000010a937        0x1 00
 .text          0x000000000010a938       0x52 binaries/lfsinit.o
                0x000000000010a938                lfsinit
 *fill*         0x000000000010a98a        0x2 00
 .text          0x000000000010a98c      0x3d3 binaries/lfsopen.o
                0x000000000010a98c                lfsopen
 *fill*         0x000000000010ad5f        0x1 00
 .text          0x000000000010ad60      0x116 binaries/lftruncate.o
                0x000000000010ad60                lftruncate
 *fill*         0x000000000010ae76        0x2 00
 .text          0x000000000010ae78       0x5a binaries/rflclose.o
                0x000000000010ae78                rflclose
 *fill*         0x000000000010aed2        0x2 00
 .text          0x000000000010aed4       0x3d binaries/rflgetc.o
                0x000000000010aed4                rflgetc
 *fill*         0x000000000010af11        0x3 00
 .text          0x000000000010af14       0x4e binaries/rflinit.o
                0x000000000010af14                rflinit
 *fill*         0x000000000010af62        0x2 00
 .text          0x000000000010af64       0x37 binaries/rflputc.o
                0x000000000010af64                rflputc
 *fill*         0x000000000010af9b        0x1 00
 .text          0x000000000010af9c      0x280 binaries/rflread.o
                0x000000000010af9c                rflread
 .text          0x000000000010b21c       0x5f binaries/rflseek.o
                0x000000000010b21c                rflseek
 *fill*         0x000000000010b27b        0x1 00
 .text          0x000000000010b27c      0x2b9 binaries/rflwrite.o
                0x000000000010b27c                rflwrite
 *fill*         0x000000000010b535        0x3 00
 .text          0x000000000010b538      0x17a binaries/rfscomm.o
                0x000000000010b538                rfscomm
 *fill*         0x000000000010b6b2        0x2 00
 .text          0x000000000010b6b4      0x2e5 binaries/rfscontrol.o
                0x000000000010b6b4                rfscontrol
 *fill*         0x000000000010b999        0x3 00
 .text          0x000000000010b99c       0x7f binaries/rfsgetmode.o
                0x000000000010b99c                rfsgetmode
 *fill*         0x000000000010ba1b        0x1 00
 .text          0x000000000010ba1c       0xa6 binaries/rfsinit.o
                0x000000000010ba1c                rfsinit
 *fill*         0x000000000010bac2        0x2 00
 .text          0x000000000010bac4       0xb4 binaries/rfsndmsg.o
                0x000000000010bac4                rfsndmsg
 .text          0x000000000010bb78      0x219 binaries/rfsopen.o
                0x000000000010bb78                rfsopen
 *fill*         0x000000000010bd91        0x3 00
 .text          0x000000000010bd94        0xa binaries/uechoclose.o
                0x000000000010bd94                uechoclose
 *fill*         0x000000000010bd9e        0x2 00
 .text          0x000000000010bda0        0xa binaries/uechocontrol.o
                0x000000000010bda0                uechocontrol
 *fill*         0x000000000010bdaa        0x2 00
 .text          0x000000000010bdac      0x263 binaries/uechoget.o
                0x000000000010bdd5                uechoget
 *fill*         0x000000000010c00f        0x1 00
 .text          0x000000000010c010      0x139 binaries/uechoinit.o
                0x000000000010c010                uechoinit
                0x000000000010c04b                ueproc
                0x000000000010c0c2                ueconn
 *fill*         0x000000000010c149        0x3 00
 .text          0x000000000010c14c       0xce binaries/uechoopen.o
                0x000000000010c14c                uechoopen
 *fill*         0x000000000010c21a        0x2 00
 .text          0x000000000010c21c       0x9b binaries/uechoputc.o
                0x000000000010c21c                uechoput
 *fill*         0x000000000010c2b7        0x1 00
 .text          0x000000000010c2b8       0x5d binaries/uechoread.o
                0x000000000010c2b8                uechoread
 *fill*         0x000000000010c315        0x3 00
 .text          0x000000000010c318       0xed binaries/uechowrite.o
                0x000000000010c318                uechowrite
 *fill*         0x000000000010c405        0x3 00
 .text          0x000000000010c408      0x64f binaries/arp.o
                0x000000000010c408                arp_init
                0x000000000010c424                arp_alloc
                0x000000000010c4d3                arp_ntoh
                0x000000000010c548                arp_hton
                0x000000000010c5bd                arp_in
                0x000000000010c7e1                arp_resolve
 *fill*         0x000000000010ca57        0x1 00
 .text          0x000000000010ca58      0x863 binaries/dhcp.o
                0x000000000010ca58                dhcp_get_opt_val
                0x000000000010caa2                dhcp_bld_bootp_msg
                0x000000000010cba4                dhcp_bld_disc
                0x000000000010cbf9                dhcp_bld_req
                0x000000000010cc98                getlocalip
 *fill*         0x000000000010d2bb        0x1 00
 .text          0x000000000010d2bc      0x406 binaries/dns.o
                0x000000000010d2bc                dns_bldq
                0x000000000010d352                dns_getrname
                0x000000000010d3fb                dns_geta
                0x000000000010d524                dns_qa
 *fill*         0x000000000010d6c2        0x2 00
 .text          0x000000000010d6c4       0xee binaries/dot2ip.o
                0x000000000010d6c4                dot2ip
 *fill*         0x000000000010d7b2        0x2 00
 .text          0x000000000010d7b4      0x379 binaries/hexdump.o
                0x000000000010d7b4                hexdump
                0x000000000010d8ec                hexadump
 *fill*         0x000000000010db2d        0x3 00
 .text          0x000000000010db30      0x5ee binaries/icmp.o
                0x000000000010db30                icmp_init
                0x000000000010db4c                icmp_register
                0x000000000010dc0e                icmp_recv
                0x000000000010dd40                icmp_mkpkt
                0x000000000010de15                icmp_send
                0x000000000010de91                icmp_in
                0x000000000010dfd2                icmp_release
                0x000000000010e08d                icmp_cksum
                0x000000000010e0f0                icmp_hton
                0x000000000010e107                icmp_ntoh
 *fill*         0x000000000010e11e        0x2 00
 .text          0x000000000010e120      0x58a binaries/ip.o
                0x000000000010e120                ip_local
                0x000000000010e154                ipcksum
                0x000000000010e1a5                ip_ntoh
                0x000000000010e21a                ip_in
                0x000000000010e315                ip_hton
                0x000000000010e38a                ip_out
                0x000000000010e448                ip_send
                0x000000000010e545                ipout
                0x000000000010e621                ip_enqueue
 *fill*         0x000000000010e6aa        0x2 00
 .text          0x000000000010e6ac      0x258 binaries/net.o
                0x000000000010e6ac                net_init
                0x000000000010e863                eth_hton
                0x000000000010e870                eth_ntoh
                0x000000000010e87d                netin
 .text          0x000000000010e904       0xeb binaries/netstart.o
                0x000000000010e904                netstart
 *fill*         0x000000000010e9ef        0x1 00
 .text          0x000000000010e9f0      0xb5b binaries/pdump.o
                0x000000000010e9f0                pdump
                0x000000000010f059                pdumph
 *fill*         0x000000000010f54b        0x1 00
 .text          0x000000000010f54c      0x5df binaries/tftp.o
                0x000000000010f54c                tftp_send1
                0x000000000010f66f                tftpget_mb
                0x000000000010faf2                tftpget
 *fill*         0x000000000010fb2b        0x1 00
 .text          0x000000000010fb2c      0x80f binaries/udp.o
                0x000000000010fb2c                udp_init
                0x000000000010fb6d                udp_in
                0x000000000010fc31                udp_register
                0x000000000010fd21                udp_recv
                0x000000000010fe42                udp_recvaddr
                0x000000000010ff7c                udp_send
                0x00000000001100ef                udp_sendto
                0x0000000000110253                udp_release
                0x000000000011030d                udp_ntoh
                0x0000000000110324                udp_hton
 *fill*         0x000000000011033b        0x1 00
 .text          0x000000000011033c      0x123 binaries/addargs.o
                0x000000000011033c                addargs
 *fill*         0x000000000011045f        0x1 00
 .text          0x0000000000110460      0x1b7 binaries/lexan.o
                0x0000000000110460                lexan
 *fill*         0x0000000000110617        0x1 00
 .text          0x0000000000110618      0x8dc binaries/shell.o
                0x0000000000110618                shell
 .text          0x0000000000110ef4       0x5d binaries/xsh_argecho.o
                0x0000000000110ef4                xsh_argecho
 *fill*         0x0000000000110f51        0x3 00
 .text          0x0000000000110f54      0x1de binaries/xsh_arp.o
                0x0000000000110f54                xsh_arp
 *fill*         0x0000000000111132        0x2 00
 .text          0x0000000000111134     0x1e43 binaries/xsh_basic.o
                0x0000000000112c40                xsh_basic
 *fill*         0x0000000000112f77        0x1 00
 .text          0x0000000000112f78      0x18a binaries/xsh_blink.o
                0x000000000011300d                xsh_blink
 *fill*         0x0000000000113102        0x2 00
 .text          0x0000000000113104      0x25b binaries/xsh_cat.o
                0x0000000000113104                xsh_cat
 *fill*         0x000000000011335f        0x1 00
 .text          0x0000000000113360       0x57 binaries/xsh_clear.o
                0x0000000000113360                xsh_clear
 *fill*         0x00000000001133b7        0x1 00
 .text          0x00000000001133b8      0x173 binaries/xsh_cp.o
                0x00000000001133b8                xsh_cp
 *fill*         0x000000000011352b        0x1 00
 .text          0x000000000011352c      0x2b4 binaries/xsh_date.o
                0x000000000011352c                xsh_date
 .text          0x00000000001137e0       0x9e binaries/xsh_devdump.o
                0x00000000001137e0                xsh_devdump
 *fill*         0x000000000011387e        0x2 00
 .text          0x0000000000113880      0x3be binaries/xsh_dine.o
                0x0000000000113880                take_forks
                0x00000000001138b7                put_forks
                0x00000000001138ee                phil_func
                0x00000000001139be                xsh_dine
 *fill*         0x0000000000113c3e        0x2 00
 .text          0x0000000000113c40     0x16d7 binaries/xsh_e0.o
                0x00000000001140ac                xmalloc
                0x0000000000114109                fail
                0x0000000000114305                printn
                0x00000000001145bd                xsh_e0
 *fill*         0x0000000000115317        0x1 00
 .text          0x0000000000115318       0x62 binaries/xsh_echo.o
                0x0000000000115318                xsh_echo
 *fill*         0x000000000011537a        0x2 00
 .text          0x000000000011537c        0xa binaries/xsh_exit.o
                0x000000000011537c                xsh_exit
 *fill*         0x0000000000115386        0x2 00
 .text          0x0000000000115388      0x339 binaries/xsh_help.o
                0x0000000000115388                xsh_help
 *fill*         0x00000000001156c1        0x3 00
 .text          0x00000000001156c4      0x572 binaries/xsh_ipaddr.o
                0x00000000001156c4                xsh_ipaddr
 *fill*         0x0000000000115c36        0x2 00
 .text          0x0000000000115c38      0x1f0 binaries/xsh_kill.o
                0x0000000000115c38                xsh_kill
 .text          0x0000000000115e28      0x495 binaries/xsh_ls.o
                0x0000000000115e42                xsh_ls
 *fill*         0x00000000001162bd        0x3 00
 .text          0x00000000001162c0      0x325 binaries/xsh_memdump.o
                0x0000000000116331                xsh_memdump
 *fill*         0x00000000001165e5        0x3 00
 .text          0x00000000001165e8      0x1f5 binaries/xsh_memstat.o
                0x00000000001165e8                xsh_memstat
 *fill*         0x00000000001167dd        0x3 00
 .text          0x00000000001167e0      0x23c binaries/xsh_mklfs.o
                0x00000000001167e0                xsh_mklfs
 .text          0x0000000000116a1c      0x241 binaries/xsh_msr.o
                0x0000000000116a1c                xsh_msr
 *fill*         0x0000000000116c5d        0x3 00
 .text          0x0000000000116c60      0x213 binaries/xsh_netstat.o
                0x0000000000116c60                xsh_netstat
 *fill*         0x0000000000116e73        0x1 00
 .text          0x0000000000116e74      0x3c8 binaries/xsh_ping.o
                0x0000000000116e74                xsh_ping
 .text          0x000000000011723c      0x210 binaries/xsh_ps.o
                0x000000000011723c                xsh_ps
 .text          0x000000000011744c       0x3e binaries/xsh_reboot.o
                0x000000000011744c                xsh_reboot
 *fill*         0x000000000011748a        0x2 00
 .text          0x000000000011748c       0xae binaries/xsh_rename.o
                0x000000000011748c                xsh_rename
 *fill*         0x000000000011753a        0x2 00
 .text          0x000000000011753c       0xe2 binaries/xsh_rm.o
                0x000000000011753c                xsh_rm
 *fill*         0x000000000011761e        0x2 00
 .text          0x0000000000117620      0x276 binaries/xsh_sleep.o
                0x0000000000117620                xsh_sleep
 *fill*         0x0000000000117896        0x2 00
 .text          0x0000000000117898       0xf6 binaries/xsh_ss.o
                0x0000000000117898                xsh_ss
 *fill*         0x000000000011798e        0x2 00
 .text          0x0000000000117990      0x264 binaries/xsh_sum.o
                0x0000000000117990                xsh_sum
 .text          0x0000000000117bf4      0x2e5 binaries/xsh_tail.o
                0x0000000000117c77                xsh_tail
 *fill*         0x0000000000117ed9        0x3 00
 .text          0x0000000000117edc     0x10c0 binaries/xsh_tftp.o
                0x0000000000118267                xsh_tftp
 .text          0x0000000000118f9c      0x3c2 binaries/xsh_tsetjmp.o
                0x0000000000118f9c                getans
                0x00000000001191f9                xsh_tsetjmp
 *fill*         0x000000000011935e        0x2 00
 .text          0x0000000000119360      0x240 binaries/xsh_udpdump.o
                0x0000000000119360                xsh_udpdump
 .text          0x00000000001195a0      0x435 binaries/xsh_udpecho.o
                0x00000000001195a0                xsh_udpecho
 *fill*         0x00000000001199d5        0x3 00
 .text          0x00000000001199d8      0x281 binaries/xsh_udpeserver.o
                0x00000000001199d8                xsh_udpeserver
 *fill*         0x0000000000119c59        0x3 00
 .text          0x0000000000119c5c      0x280 binaries/xsh_uptime.o
                0x0000000000119c5c                xsh_uptime
 .text          0x0000000000119edc        0xe binaries/clkdisp.o
                0x0000000000119edc                clkdisp
 *fill*         0x0000000000119eea        0x2 00
 .text          0x0000000000119eec       0x19 binaries/ctxsw.o
                0x0000000000119eec                ctxsw
 *fill*         0x0000000000119f05        0x3 00
 .text          0x0000000000119f08      0x383 binaries/intr.o
                0x0000000000119f08                getcr0
                0x0000000000119f0c                getcr3
                0x0000000000119f10                reboot
                0x0000000000119f20                disable
                0x0000000000119f29                restore
                0x0000000000119f37                enable
                0x0000000000119f39                pause
                0x0000000000119f40                halt
                0x0000000000119f46                spurious_irq7
                0x0000000000119f4b                spurious_irq15
                0x0000000000119f5a                _Xint0
                0x0000000000119f65                _Xint1
                0x0000000000119f70                _Xint2
                0x0000000000119f7b                _Xint3
                0x0000000000119f86                _Xint4
                0x0000000000119f91                _Xint5
                0x0000000000119f9c                _Xint6
                0x0000000000119fa7                _Xint7
                0x0000000000119fb2                _Xint8
                0x0000000000119fbd                _Xint9
                0x0000000000119fc8                _Xint10
                0x0000000000119fd3                _Xint11
                0x0000000000119fe1                _Xint12
                0x0000000000119fef                _Xint13
                0x0000000000119ffd                _Xint14
                0x000000000011a00b                _Xint15
                0x000000000011a019                _Xint16
                0x000000000011a027                _Xint17
                0x000000000011a035                _Xint18
                0x000000000011a043                _Xint19
                0x000000000011a051                _Xint20
                0x000000000011a05f                _Xint21
                0x000000000011a06d                _Xint22
                0x000000000011a07b                _Xint23
                0x000000000011a089                _Xint24
                0x000000000011a097                _Xint25
                0x000000000011a0a5                _Xint26
                0x000000000011a0b3                _Xint27
                0x000000000011a0c1                _Xint28
                0x000000000011a0cf                _Xint29
                0x000000000011a0dd                _Xint30
                0x000000000011a0eb                _Xint31
                0x000000000011a0f9                _Xint32
                0x000000000011a107                _Xint33
                0x000000000011a115                _Xint34
                0x000000000011a123                _Xint35
                0x000000000011a131                _Xint36
                0x000000000011a13f                _Xint37
                0x000000000011a14d                _Xint38
                0x000000000011a15b                _Xint39
                0x000000000011a169                _Xint40
                0x000000000011a177                _Xint41
                0x000000000011a185                _Xint42
                0x000000000011a193                _Xint43
                0x000000000011a1a1                _Xint44
                0x000000000011a1af                _Xint45
                0x000000000011a1bd                _Xint46
                0x000000000011a1cb                defevec
 *fill*         0x000000000011a28b        0x1 00
 .text          0x000000000011a28c       0x3a binaries/setjmp.o
                0x000000000011a28c                setjmp
                0x000000000011a2ab                longjmp
 *fill*         0x000000000011a2c6        0x2 00
 .text          0x000000000011a2c8        0xf binaries/ttydispatch.o
                0x000000000011a2c8                ttydispatch
 *fill*         0x000000000011a2d7        0x1 00
 .text          0x000000000011a2d8       0x13 binaries/ethdispatch.o
                0x000000000011a2d8                ethdispatch
 *(.rodata .rodata.*)
 .rodata.str1.1
                0x000000000011a2eb       0x54 binaries/ascdate.o
 *fill*         0x000000000011a33f        0x1 00
 .rodata.str1.4
                0x000000000011a340       0x22 binaries/ascdate.o
 .rodata.str1.1
                0x000000000011a362       0xb2 binaries/conf.o
 .rodata.str1.4
                0x000000000011a414       0x4f binaries/early_imr.o
 .rodata        0x000000000011a463       0x30 binaries/early_imr.o
 .rodata.str1.1
                0x000000000011a493      0x20e binaries/evec.o
 *fill*         0x000000000011a6a1        0x3 00
 .rodata.str1.4
                0x000000000011a6a4       0x23 binaries/evec.o
 .rodata.str1.1
                0x000000000011a6c7       0x55 binaries/getutime.o
 .rodata.str1.4
                0x000000000011a71c       0x73 binaries/getutime.o
 *fill*         0x000000000011a78f       0x11 00
 .rodata        0x000000000011a7a0       0x80 binaries/gpio_i2c.o
 .rodata.str1.1
                0x000000000011a820       0x63 binaries/initialize.o
                                         0x67 (size before relaxing)
 *fill*         0x000000000011a883        0x1 00
 .rodata.str1.4
                0x000000000011a884       0xdc binaries/initialize.o
 .rodata        0x000000000011a960       0x20 binaries/kill.o
 .rodata.str1.1
                0x0000000000000000       0x63 binaries/main.o
                                          0x6 (size before relaxing)
 .rodata.str1.4
                0x000000000011a980       0x22 binaries/main.o
 *fill*         0x000000000011a9a2        0x2 00
 .rodata.str1.4
                0x000000000011a9a4       0x23 binaries/meminit.o
 .rodata.str1.1
                0x000000000011a9c7       0x1b binaries/meminit.o
 .rodata.str1.1
                0x000000000011a9e2        0xf binaries/panic.o
 .rodata.str1.1
                0x000000000011a9f1       0x1c binaries/ptinit.o
 *fill*         0x000000000011aa0d        0x3 00
 .rodata.str1.4
                0x000000000011aa10       0x25 binaries/ptsend.o
 .rodata.str1.1
                0x000000000011aa35       0x22 binaries/quark_pdat.o
 .rodata.str1.1
                0x0000000000000000       0x22 binaries/showmema.o
                                          0x2 (size before relaxing)
 *fill*         0x000000000011aa57        0x1 00
 .rodata.str1.4
                0x000000000011aa58       0x8b binaries/showmema.o
 *fill*         0x000000000011aae3        0x1 00
 .rodata.str1.4
                0x000000000011aae4       0x63 binaries/stacktrace.o
 .rodata.str1.1
                0x000000000011ab47       0x52 binaries/stacktrace.o
 *fill*         0x000000000011ab99        0x3 00
 .rodata.str1.4
                0x000000000011ab9c       0x27 binaries/xdone.o
 *fill*         0x000000000011abc3       0x1d 00
 .rodata        0x000000000011abe0       0x81 binaries/ctype_.o
                0x000000000011abe0                _ctype_
 .rodata.str1.1
                0x000000000011ac61       0x29 binaries/doprnt.o
 *fill*         0x000000000011ac8a        0x2 00
 .rodata        0x000000000011ac8c       0xc4 binaries/doprnt.o
 .rodata        0x000000000011ad50       0x98 binaries/doscan.o
 .rodata.str1.1
                0x0000000000000000       0x29 binaries/fdoprnt.o
 .rodata        0x000000000011ade8       0x84 binaries/fdoprnt.o
 .rodata.str1.1
                0x0000000000000000       0x29 binaries/strtok.o
                                          0x1 (size before relaxing)
 *fill*         0x000000000011ae6c       0x14 00
 .rodata        0x000000000011ae80       0x65 binaries/xstoul.o
 *fill*         0x000000000011aee5        0x3 00
 .rodata        0x000000000011aee8       0x20 binaries/ttycontrol.o
 .rodata.str1.4
                0x000000000011af08       0x4c binaries/naminit.o
 .rodata.str1.1
                0x000000000011af54       0x32 binaries/naminit.o
                                         0x35 (size before relaxing)
 .rodata.str1.1
                0x000000000011af86       0x15 binaries/ethinit.o
 *fill*         0x000000000011af9b        0x1 00
 .rodata.str1.4
                0x000000000011af9c       0x2e binaries/ethinit.o
 *fill*         0x000000000011afca        0x2 00
 .rodata.str1.4
                0x000000000011afcc       0x2c binaries/rdsbufalloc.o
 .rodata.str1.4
                0x000000000011aff8       0x76 binaries/rdscomm.o
 *fill*         0x000000000011b06e        0x2 00
 .rodata.str1.4
                0x000000000011b070       0x48 binaries/rdscontrol.o
 .rodata.str1.4
                0x000000000011b0b8       0x7e binaries/rdsinit.o
 .rodata.str1.1
                0x000000000011b136       0x18 binaries/rdsinit.o
 *fill*         0x000000000011b14e        0x2 00
 .rodata.str1.4
                0x000000000011b150       0x22 binaries/rdsopen.o
 *fill*         0x000000000011b172        0x2 00
 .rodata.str1.4
                0x000000000011b174       0x4d binaries/rdsprocess.o
 .rodata.str1.1
                0x000000000011b1c1        0x9 binaries/raminit.o
 .rodata.str1.1
                0x000000000011b1ca       0x13 binaries/lfdballoc.o
 *fill*         0x000000000011b1dd        0x3 00
 .rodata.str1.4
                0x000000000011b1e0       0x23 binaries/lfdballoc.o
 .rodata.str1.1
                0x000000000011b203       0x14 binaries/lfiballoc.o
 *fill*         0x000000000011b217        0x1 00
 .rodata.str1.4
                0x000000000011b218       0x23 binaries/lflcontrol.o
 .rodata.str1.1
                0x000000000011b23b       0x64 binaries/lfsckfmt.o
 *fill*         0x000000000011b29f        0x1 00
 .rodata.str1.4
                0x000000000011b2a0       0x51 binaries/lfsckfmt.o
 *fill*         0x000000000011b2f1        0x3 00
 .rodata.str1.4
                0x000000000011b2f4       0x21 binaries/rflread.o
 .rodata.str1.4
                0x0000000000000000       0x21 binaries/rflwrite.o
 *fill*         0x000000000011b315        0x3 00
 .rodata.str1.4
                0x000000000011b318       0x75 binaries/rfscomm.o
 *fill*         0x000000000011b38d        0x3 00
 .rodata.str1.4
                0x000000000011b390       0x23 binaries/rfscontrol.o
 *fill*         0x000000000011b3b3        0x1 00
 .rodata        0x000000000011b3b4       0x1c binaries/rfscontrol.o
 .rodata.str1.1
                0x000000000011b3d0       0x33 binaries/rfsinit.o
 *fill*         0x000000000011b403        0x1 00
 .rodata.str1.4
                0x000000000011b404       0x57 binaries/rfsinit.o
 *fill*         0x000000000011b45b        0x1 00
 .rodata.str1.4
                0x000000000011b45c       0x2a binaries/rfsndmsg.o
 .rodata.str1.4
                0x0000000000000000       0x22 binaries/rfsopen.o
 .rodata.str1.1
                0x000000000011b486        0xe binaries/uechoinit.o
 .rodata.str1.4
                0x000000000011b494       0x27 binaries/uechoinit.o
 .rodata.str1.1
                0x000000000011b4bb       0x19 binaries/arp.o
 .rodata.str1.4
                0x000000000011b4d4       0x21 binaries/arp.o
 *fill*         0x000000000011b4f5        0x3 00
 .rodata.str1.4
                0x000000000011b4f8       0xa6 binaries/dhcp.o
 .rodata.str1.1
                0x000000000011b59e       0x74 binaries/dhcp.o
 *fill*         0x000000000011b612        0x2 00
 .rodata        0x000000000011b614       0xd8 binaries/dhcp.o
 .rodata.str1.1
                0x000000000011b6ec       0x5a binaries/hexdump.o
                                         0x61 (size before relaxing)
 *fill*         0x000000000011b746        0x2 00
 .rodata.str1.4
                0x000000000011b748       0x67 binaries/hexdump.o
 *fill*         0x000000000011b7af        0x1 00
 .rodata.str1.4
                0x000000000011b7b0       0x29 binaries/icmp.o
 .rodata.str1.1
                0x000000000011b7d9       0x4e binaries/ip.o
 *fill*         0x000000000011b827        0x1 00
 .rodata.str1.4
                0x000000000011b828       0x20 binaries/ip.o
 .rodata.str1.4
                0x000000000011b848       0x28 binaries/net.o
 .rodata.str1.1
                0x000000000011b870       0x35 binaries/net.o
 *fill*         0x000000000011b8a5        0x3 00
 .rodata.str1.4
                0x000000000011b8a8       0xdb binaries/netstart.o
 .rodata.str1.1
                0x000000000011b983      0x13f binaries/pdump.o
                                        0x14b (size before relaxing)
 *fill*         0x000000000011bac2        0x2 00
 .rodata.str1.4
                0x000000000011bac4      0x126 binaries/pdump.o
 *fill*         0x000000000011bbea        0x2 00
 .rodata.str1.4
                0x000000000011bbec      0x148 binaries/tftp.o
 .rodata.str1.1
                0x000000000011bd34        0x6 binaries/tftp.o
                                          0xa (size before relaxing)
 *fill*         0x000000000011bd3a        0x2 00
 .rodata.str1.4
                0x000000000011bd3c       0x44 binaries/udp.o
 .rodata.str1.1
                0x000000000011bd80      0x144 binaries/shell.o
                                        0x161 (size before relaxing)
 .rodata.str1.4
                0x000000000011bec4      0x1eb binaries/shell.o
 *fill*         0x000000000011c0af       0x11 00
 .rodata        0x000000000011c0c0      0x1bc binaries/shell.o
                0x000000000011c0c0                cmdtab
 .rodata.str1.1
                0x000000000011c27c       0x26 binaries/xsh_argecho.o
                                         0x28 (size before relaxing)
 .rodata.str1.1
                0x000000000011c2a2       0x70 binaries/xsh_arp.o
                                         0x72 (size before relaxing)
 *fill*         0x000000000011c312        0x2 00
 .rodata.str1.4
                0x000000000011c314       0xb4 binaries/xsh_arp.o
 .rodata.str1.1
                0x000000000011c3c8      0x251 binaries/xsh_basic.o
                                        0x26a (size before relaxing)
 *fill*         0x000000000011c619        0x3 00
 .rodata.str1.4
                0x000000000011c61c       0x58 binaries/xsh_basic.o
 *fill*         0x000000000011c674        0xc 00
 .rodata        0x000000000011c680      0x227 binaries/xsh_basic.o
 .rodata.str1.1
                0x000000000011c8a7       0x39 binaries/xsh_blink.o
                                         0x46 (size before relaxing)
 .rodata.str1.4
                0x000000000011c8e0      0x119 binaries/xsh_blink.o
 .rodata.str1.1
                0x000000000011c9f9       0x2d binaries/xsh_cat.o
                                         0x5b (size before relaxing)
 *fill*         0x000000000011ca26        0x2 00
 .rodata.str1.4
                0x000000000011ca28       0x52 binaries/xsh_cat.o
                                         0x79 (size before relaxing)
 .rodata.str1.1
                0x000000000011ca7a       0x15 binaries/xsh_clear.o
 .rodata.str1.1
                0x000000000011ca8f       0x89 binaries/xsh_cp.o
                                         0xb3 (size before relaxing)
 .rodata.str1.4
                0x000000000011cb18       0x2c binaries/xsh_cp.o
                                         0x51 (size before relaxing)
 .rodata.str1.1
                0x000000000011cb44       0x46 binaries/xsh_date.o
                                         0x5f (size before relaxing)
 *fill*         0x000000000011cb8a        0x2 00
 .rodata.str1.4
                0x000000000011cb8c      0x163 binaries/xsh_date.o
 .rodata.str1.1
                0x000000000011ccef       0x5d binaries/xsh_devdump.o
 .rodata.str1.1
                0x000000000011cd4c       0x52 binaries/xsh_dine.o
                                         0x5b (size before relaxing)
 *fill*         0x000000000011cd9e        0x2 00
 .rodata.str1.4
                0x000000000011cda0       0xe5 binaries/xsh_dine.o
 .rodata.str1.1
                0x000000000011ce85      0x247 binaries/xsh_e0.o
                                        0x263 (size before relaxing)
 .rodata.str1.4
                0x000000000011d0cc      0x553 binaries/xsh_e0.o
                                        0x573 (size before relaxing)
 *fill*         0x000000000011d61f        0x1 00
 .rodata        0x000000000011d620      0x1a0 binaries/xsh_e0.o
 .rodata.str1.1
                0x000000000011d7c0        0x4 binaries/xsh_echo.o
                                          0x9 (size before relaxing)
 .rodata.str1.1
                0x000000000011d7c4       0x65 binaries/xsh_help.o
                                         0xa3 (size before relaxing)
 *fill*         0x000000000011d829        0x3 00
 .rodata.str1.4
                0x000000000011d82c       0x7c binaries/xsh_help.o
                                         0xc6 (size before relaxing)
 .rodata.str1.1
                0x000000000011d8a8       0xf5 binaries/xsh_ipaddr.o
                                        0x152 (size before relaxing)
 *fill*         0x000000000011d99d        0x3 00
 .rodata.str1.4
                0x000000000011d9a0       0x4d binaries/xsh_ipaddr.o
                                         0x99 (size before relaxing)
 .rodata.str1.1
                0x000000000011d9ed       0x78 binaries/xsh_kill.o
                                         0x97 (size before relaxing)
 *fill*         0x000000000011da65        0x3 00
 .rodata.str1.4
                0x000000000011da68       0x4a binaries/xsh_kill.o
                                         0x96 (size before relaxing)
 .rodata.str1.1
                0x000000000011dab2       0x97 binaries/xsh_ls.o
                                         0xb0 (size before relaxing)
 *fill*         0x000000000011db49        0x3 00
 .rodata.str1.4
                0x000000000011db4c      0x120 binaries/xsh_ls.o
 .rodata.str1.1
                0x000000000011dc6c       0x76 binaries/xsh_memdump.o
                                         0x9d (size before relaxing)
 *fill*         0x000000000011dce2        0x2 00
 .rodata.str1.4
                0x000000000011dce4      0x188 binaries/xsh_memdump.o
                                        0x1b0 (size before relaxing)
 .rodata.str1.1
                0x000000000011de6c       0x40 binaries/xsh_memstat.o
                                         0x79 (size before relaxing)
 .rodata.str1.4
                0x000000000011deac      0x187 binaries/xsh_memstat.o
                                        0x1af (size before relaxing)
 .rodata.str1.1
                0x000000000011e033       0x37 binaries/xsh_mklfs.o
                                         0x5e (size before relaxing)
 *fill*         0x000000000011e06a        0x2 00
 .rodata.str1.4
                0x000000000011e06c      0x253 binaries/xsh_mklfs.o
 .rodata.str1.1
                0x000000000011e2bf       0xbc binaries/xsh_msr.o
                                         0xc5 (size before relaxing)
 *fill*         0x000000000011e37b        0x1 00
 .rodata.str1.4
                0x000000000011e37c       0xe6 binaries/xsh_msr.o
 .rodata.str1.1
                0x000000000011e462       0x2c binaries/xsh_netstat.o
                                         0x67 (size before relaxing)
 *fill*         0x000000000011e48e        0x2 00
 .rodata.str1.4
                0x000000000011e490       0xc8 binaries/xsh_netstat.o
                                        0x118 (size before relaxing)
 .rodata.str1.1
                0x000000000011e558       0xbc binaries/xsh_ping.o
                                         0xdb (size before relaxing)
 .rodata.str1.4
                0x000000000011e614       0x77 binaries/xsh_ping.o
                                         0xc7 (size before relaxing)
 .rodata.str1.1
                0x000000000011e68b       0x74 binaries/xsh_ps.o
                                         0xd5 (size before relaxing)
 *fill*         0x000000000011e6ff        0x1 00
 .rodata.str1.4
                0x000000000011e700       0x80 binaries/xsh_ps.o
                                         0xd0 (size before relaxing)
 .rodata        0x000000000011e780       0x20 binaries/xsh_ps.o
 .rodata.str1.4
                0x000000000011e7a0       0x25 binaries/xsh_reboot.o
 .rodata.str1.1
                0x000000000011e7c5       0x27 binaries/xsh_reboot.o
 .rodata.str1.1
                0x000000000011e7ec       0x18 binaries/xsh_rename.o
                                         0x2b (size before relaxing)
 .rodata.str1.4
                0x000000000011e804       0x25 binaries/xsh_rename.o
 .rodata.str1.1
                0x000000000011e829       0x3d binaries/xsh_rm.o
                                         0x68 (size before relaxing)
 .rodata.str1.4
                0x0000000000000000       0x25 binaries/xsh_rm.o
 .rodata.str1.1
                0x000000000011e866       0x49 binaries/xsh_sleep.o
                                         0x70 (size before relaxing)
 *fill*         0x000000000011e8af        0x1 00
 .rodata.str1.4
                0x000000000011e8b0       0x76 binaries/xsh_sleep.o
                                         0x9e (size before relaxing)
 .rodata.str1.1
                0x000000000011e926       0x13 binaries/xsh_ss.o
                                         0x40 (size before relaxing)
 *fill*         0x000000000011e939        0x3 00
 .rodata.str1.4
                0x000000000011e93c      0x117 binaries/xsh_ss.o
 .rodata.str1.1
                0x000000000011ea53       0x34 binaries/xsh_sum.o
                                         0x61 (size before relaxing)
 *fill*         0x000000000011ea87        0x1 00
 .rodata.str1.4
                0x000000000011ea88       0x6f binaries/xsh_sum.o
                                         0xbf (size before relaxing)
 .rodata.str1.1
                0x000000000011eaf7       0x38 binaries/xsh_tail.o
                                         0x42 (size before relaxing)
 *fill*         0x000000000011eb2f        0x1 00
 .rodata.str1.4
                0x000000000011eb30       0x70 binaries/xsh_tail.o
 .rodata.str1.1
                0x000000000011eba0      0x1e5 binaries/xsh_tftp.o
                                        0x212 (size before relaxing)
 *fill*         0x000000000011ed85        0x3 00
 .rodata.str1.4
                0x000000000011ed88      0x343 binaries/xsh_tftp.o
                                        0x36b (size before relaxing)
 .rodata.str1.1
                0x000000000011f0cb       0xa6 binaries/xsh_tsetjmp.o
                                         0xda (size before relaxing)
 *fill*         0x000000000011f171        0x3 00
 .rodata.str1.4
                0x000000000011f174      0x36b binaries/xsh_tsetjmp.o
 .rodata.str1.1
                0x000000000011f4df       0x6b binaries/xsh_udpdump.o
                                         0xd2 (size before relaxing)
 *fill*         0x000000000011f54a        0x2 00
 .rodata.str1.4
                0x000000000011f54c       0x94 binaries/xsh_udpdump.o
                                         0xe4 (size before relaxing)
 .rodata.str1.1
                0x000000000011f5e0       0xdb binaries/xsh_udpecho.o
                                         0xfa (size before relaxing)
 *fill*         0x000000000011f6bb        0x1 00
 .rodata.str1.4
                0x000000000011f6bc       0xc7 binaries/xsh_udpecho.o
                                        0x117 (size before relaxing)
 .rodata.str1.1
                0x000000000011f783       0x66 binaries/xsh_udpeserver.o
                                         0x8f (size before relaxing)
 *fill*         0x000000000011f7e9        0x3 00
 .rodata.str1.4
                0x000000000011f7ec       0x29 binaries/xsh_udpeserver.o
                                         0x9f (size before relaxing)
 .rodata.str1.1
                0x000000000011f815       0x74 binaries/xsh_uptime.o
                                         0xbb (size before relaxing)
 *fill*         0x000000000011f889        0x3 00
 .rodata.str1.4
                0x000000000011f88c       0x28 binaries/xsh_uptime.o
                                         0x76 (size before relaxing)
                0x000000000011f8b4                etext = ABSOLUTE (.)
                0x0000000000120000                . = ALIGN (0x1000)
 *fill*         0x000000000011f8b4      0x74c 00

.eh_frame       0x0000000000120000     0x4308
 .eh_frame      0x0000000000120000       0x48 binaries/ascdate.o
 .eh_frame      0x0000000000120048       0x20 binaries/bufinit.o
                                         0x38 (size before relaxing)
 .eh_frame      0x0000000000120068       0x28 binaries/chprio.o
                                         0x40 (size before relaxing)
 .eh_frame      0x0000000000120090       0x20 binaries/clkhandler.o
                                         0x38 (size before relaxing)
 .eh_frame      0x00000000001200b0       0x20 binaries/clkinit.o
                                         0x38 (size before relaxing)
 .eh_frame      0x00000000001200d0       0x28 binaries/close.o
                                         0x40 (size before relaxing)
 .eh_frame      0x00000000001200f8       0x28 binaries/control.o
                                         0x40 (size before relaxing)
 .eh_frame      0x0000000000120120       0x30 binaries/create.o
                                         0x48 (size before relaxing)
 .eh_frame      0x0000000000120150       0x98 binaries/early_imr.o
                                         0xb0 (size before relaxing)
 .eh_frame      0x00000000001201e8       0x98 binaries/evec.o
                                         0xb0 (size before relaxing)
 .eh_frame      0x0000000000120280       0x20 binaries/exit.o
                                         0x38 (size before relaxing)
 .eh_frame      0x00000000001202a0       0x28 binaries/freebuf.o
                                         0x40 (size before relaxing)
 .eh_frame      0x00000000001202c8       0x30 binaries/freemem.o
                                         0x48 (size before relaxing)
 .eh_frame      0x00000000001202f8       0x2c binaries/getbuf.o
                                         0x44 (size before relaxing)
 .eh_frame      0x0000000000120324       0x28 binaries/getc.o
                                         0x40 (size before relaxing)
 .eh_frame      0x000000000012034c       0x2c binaries/getdev.o
                                         0x44 (size before relaxing)
 .eh_frame      0x0000000000120378       0x64 binaries/getitem.o
                                         0x7c (size before relaxing)
 .eh_frame      0x00000000001203dc       0x28 binaries/getmem.o
                                         0x40 (size before relaxing)
 .eh_frame      0x0000000000120404       0x20 binaries/getpid.o
                                         0x38 (size before relaxing)
 .eh_frame      0x0000000000120424       0x24 binaries/getprio.o
                                         0x3c (size before relaxing)
[...]
 .note.GNU-stack
                0x0000000000000000        0x0 binaries/getprio.o
 .note.GNU-stack
                0x0000000000000000        0x0 binaries/getstk.o
 .note.GNU-stack
                0x0000000000000000        0x0 binaries/gettime.o
 .note.GNU-stack
                0x0000000000000000        0x0 binaries/getutime.o
 .note.GNU-stack
                0x0000000000000000        0x0 binaries/gpio_i2c.o
 .note.GNU-stack
                0x0000000000000000        0x0 binaries/init.o
 .note.GNU-stack
                0x0000000000000000        0x0 binaries/initialize.o
 .note.GNU-stack
                0x0000000000000000        0x0 binaries/insert.o
 .note.GNU-stack
                0x0000000000000000        0x0 binaries/insertd.o
 .note.GNU-stack
                0x0000000000000000        0x0 binaries/ioerr.o
 .note.GNU-stack
                0x0000000000000000        0x0 binaries/ionull.o
 .note.GNU-stack
                0x0000000000000000        0x0 binaries/kill.o
 .note.GNU-stack
                0x0000000000000000        0x0 binaries/kprintf.o
 .note.GNU-stack
                0x0000000000000000        0x0 binaries/main.o
 .note.GNU-stack
                0x0000000000000000        0x0 binaries/mark.o
 .note.GNU-stack
                0x0000000000000000        0x0 binaries/meminit.o
 .note.GNU-stack
                0x0000000000000000        0x0 binaries/mkbufpool.o
 .note.GNU-stack
                0x0000000000000000        0x0 binaries/netup.o
 .note.GNU-stack
                0x0000000000000000        0x0 binaries/newqueue.o
 .note.GNU-stack
                0x0000000000000000        0x0 binaries/open.o
 .note.GNU-stack
                0x0000000000000000        0x0 binaries/panic.o
 .note.GNU-stack
                0x0000000000000000        0x0 binaries/pci.o
 .note.GNU-stack
                0x0000000000000000        0x0 binaries/platinit.o
 .note.GNU-stack
                0x0000000000000000        0x0 binaries/ptclear.o
 .note.GNU-stack
                0x0000000000000000        0x0 binaries/ptcount.o
 .note.GNU-stack
                0x0000000000000000        0x0 binaries/ptcreate.o
 .note.GNU-stack
                0x0000000000000000        0x0 binaries/ptdelete.o
 .note.GNU-stack
                0x0000000000000000        0x0 binaries/ptinit.o
 .note.GNU-stack
                0x0000000000000000        0x0 binaries/ptrecv.o
 .note.GNU-stack
                0x0000000000000000        0x0 binaries/ptreset.o
 .note.GNU-stack
                0x0000000000000000        0x0 binaries/ptsend.o
 .note.GNU-stack
                0x0000000000000000        0x0 binaries/putc.o
 .note.GNU-stack
                0x0000000000000000        0x0 binaries/quark_irq.o
 .note.GNU-stack
                0x0000000000000000        0x0 binaries/quark_pdat.o
 .note.GNU-stack
                0x0000000000000000        0x0 binaries/queue.o
 .note.GNU-stack
                0x0000000000000000        0x0 binaries/read.o
 .note.GNU-stack
                0x0000000000000000        0x0 binaries/ready.o
 .note.GNU-stack
                0x0000000000000000        0x0 binaries/receive.o
 .note.GNU-stack
                0x0000000000000000        0x0 binaries/recvclr.o
 .note.GNU-stack
                0x0000000000000000        0x0 binaries/recvtime.o
 .note.GNU-stack
                0x0000000000000000        0x0 binaries/remove.o
 .note.GNU-stack
                0x0000000000000000        0x0 binaries/rename.o
 .note.GNU-stack
                0x0000000000000000        0x0 binaries/resched.o
 .note.GNU-stack
                0x0000000000000000        0x0 binaries/resume.o
 .note.GNU-stack
                0x0000000000000000        0x0 binaries/seek.o
 .note.GNU-stack
                0x0000000000000000        0x0 binaries/semcount.o
 .note.GNU-stack
                0x0000000000000000        0x0 binaries/semcreate.o
 .note.GNU-stack
                0x0000000000000000        0x0 binaries/semdelete.o
 .note.GNU-stack
                0x0000000000000000        0x0 binaries/semreset.o
 .note.GNU-stack
                0x0000000000000000        0x0 binaries/send.o
 .note.GNU-stack
                0x0000000000000000        0x0 binaries/showmema.o
 .note.GNU-stack
                0x0000000000000000        0x0 binaries/signal.o
 .note.GNU-stack
                0x0000000000000000        0x0 binaries/signaln.o
 .note.GNU-stack
                0x0000000000000000        0x0 binaries/sleep.o
 .note.GNU-stack
                0x0000000000000000        0x0 binaries/ssignal.o
 .note.GNU-stack
                0x0000000000000000        0x0 binaries/stacktrace.o
 .note.GNU-stack
                0x0000000000000000        0x0 binaries/suspend.o
 .note.GNU-stack
                0x0000000000000000        0x0 binaries/swait.o
 .note.GNU-stack
                0x0000000000000000        0x0 binaries/unsleep.o
 .note.GNU-stack
                0x0000000000000000        0x0 binaries/userret.o
 .note.GNU-stack
                0x0000000000000000        0x0 binaries/wait.o
 .note.GNU-stack
                0x0000000000000000        0x0 binaries/wakeup.o
 .note.GNU-stack
                0x0000000000000000        0x0 binaries/write.o
 .note.GNU-stack
                0x0000000000000000        0x0 binaries/xdone.o
 .note.GNU-stack
                0x0000000000000000        0x0 binaries/yield.o
 .note.GNU-stack
                0x0000000000000000        0x0 binaries/abs.o
 .note.GNU-stack
                0x0000000000000000        0x0 binaries/atoi.o
 .note.GNU-stack
                0x0000000000000000        0x0 binaries/atol.o
 .note.GNU-stack
                0x0000000000000000        0x0 binaries/bzero.o
 .note.GNU-stack
                0x0000000000000000        0x0 binaries/ctype_.o
 .note.GNU-stack
                0x0000000000000000        0x0 binaries/doprnt.o
 .note.GNU-stack
                0x0000000000000000        0x0 binaries/doscan.o
 .note.GNU-stack
                0x0000000000000000        0x0 binaries/fdoprnt.o
 .note.GNU-stack
                0x0000000000000000        0x0 binaries/fgetc.o
 .note.GNU-stack
                0x0000000000000000        0x0 binaries/fgets.o
 .note.GNU-stack
                0x0000000000000000        0x0 binaries/fprintf.o
 .note.GNU-stack
                0x0000000000000000        0x0 binaries/fputc.o
 .note.GNU-stack
                0x0000000000000000        0x0 binaries/fputs.o
 .note.GNU-stack
                0x0000000000000000        0x0 binaries/fscanf.o
 .note.GNU-stack
                0x0000000000000000        0x0 binaries/getchar.o
 .note.GNU-stack
                0x0000000000000000        0x0 binaries/isatty.o
 .note.GNU-stack
                0x0000000000000000        0x0 binaries/isdigit.o
 .note.GNU-stack
                0x0000000000000000        0x0 binaries/labs.o
 .note.GNU-stack
                0x0000000000000000        0x0 binaries/memchr.o
 .note.GNU-stack
                0x0000000000000000        0x0 binaries/memcmp.o
 .note.GNU-stack
                0x0000000000000000        0x0 binaries/memcpy.o
 .note.GNU-stack
                0x0000000000000000        0x0 binaries/memset.o
 .note.GNU-stack
                0x0000000000000000        0x0 binaries/printf.o
 .note.GNU-stack
                0x0000000000000000        0x0 binaries/putchar.o
 .note.GNU-stack
                0x0000000000000000        0x0 binaries/qsort.o
 .note.GNU-stack
                0x0000000000000000        0x0 binaries/rand.o
 .note.GNU-stack
                0x0000000000000000        0x0 binaries/sprintf.o
 .note.GNU-stack
                0x0000000000000000        0x0 binaries/sscanf.o
 .note.GNU-stack
                0x0000000000000000        0x0 binaries/strcat.o
 .note.GNU-stack
                0x0000000000000000        0x0 binaries/strchr.o
 .note.GNU-stack
                0x0000000000000000        0x0 binaries/strcmp.o
 .note.GNU-stack
                0x0000000000000000        0x0 binaries/strcpy.o
 .note.GNU-stack
                0x0000000000000000        0x0 binaries/strlen.o
 .note.GNU-stack
                0x0000000000000000        0x0 binaries/strncat.o
 .note.GNU-stack
                0x0000000000000000        0x0 binaries/strncmp.o
 .note.GNU-stack
                0x0000000000000000        0x0 binaries/strncpy.o
 .note.GNU-stack
                0x0000000000000000        0x0 binaries/strnlen.o
 .note.GNU-stack
                0x0000000000000000        0x0 binaries/strpbrk.o
 .note.GNU-stack
                0x0000000000000000        0x0 binaries/strrchr.o
 .note.GNU-stack
                0x0000000000000000        0x0 binaries/strspn.o
 .note.GNU-stack
                0x0000000000000000        0x0 binaries/strstr.o
 .note.GNU-stack
                0x0000000000000000        0x0 binaries/strtok.o
 .note.GNU-stack
                0x0000000000000000        0x0 binaries/strtol.o
 .note.GNU-stack
                0x0000000000000000        0x0 binaries/strtoul.o
 .note.GNU-stack
                0x0000000000000000        0x0 binaries/tolower.o
 .note.GNU-stack
                0x0000000000000000        0x0 binaries/toupper.o
 .note.GNU-stack
                0x0000000000000000        0x0 binaries/xstoul.o
 .note.GNU-stack
                0x0000000000000000        0x0 binaries/ttycontrol.o
 .note.GNU-stack
                0x0000000000000000        0x0 binaries/ttygetc.o
 .note.GNU-stack
                0x0000000000000000        0x0 binaries/ttyhandle_in.o
 .note.GNU-stack
                0x0000000000000000        0x0 binaries/ttyhandle_out.o
 .note.GNU-stack
                0x0000000000000000        0x0 binaries/ttyhandler.o
 .note.GNU-stack
                0x0000000000000000        0x0 binaries/ttyinit.o
 .note.GNU-stack
                0x0000000000000000        0x0 binaries/ttykickout.o
 .note.GNU-stack
                0x0000000000000000        0x0 binaries/ttyputc.o
 .note.GNU-stack
                0x0000000000000000        0x0 binaries/ttyread.o
 .note.GNU-stack
                0x0000000000000000        0x0 binaries/ttywrite.o
 .note.GNU-stack
                0x0000000000000000        0x0 binaries/mount.o
 .note.GNU-stack
                0x0000000000000000        0x0 binaries/naminit.o
 .note.GNU-stack
                0x0000000000000000        0x0 binaries/nammap.o
 .note.GNU-stack
                0x0000000000000000        0x0 binaries/namopen.o
 .note.GNU-stack
                0x0000000000000000        0x0 binaries/colon2mac.o
 .note.GNU-stack
                0x0000000000000000        0x0 binaries/ethcontrol.o
 .note.GNU-stack
                0x0000000000000000        0x0 binaries/ethhandler.o
 .note.GNU-stack
                0x0000000000000000        0x0 binaries/ethinit.o
 .note.GNU-stack
                0x0000000000000000        0x0 binaries/ethmcast.o
 .note.GNU-stack
                0x0000000000000000        0x0 binaries/ethread.o
 .note.GNU-stack
                0x0000000000000000        0x0 binaries/ethwrite.o
 .note.GNU-stack
                0x0000000000000000        0x0 binaries/rdsbufalloc.o
 .note.GNU-stack
                0x0000000000000000        0x0 binaries/rdsclose.o
 .note.GNU-stack
                0x0000000000000000        0x0 binaries/rdscomm.o
 .note.GNU-stack
                0x0000000000000000        0x0 binaries/rdscontrol.o
 .note.GNU-stack
                0x0000000000000000        0x0 binaries/rdsinit.o
 .note.GNU-stack
                0x0000000000000000        0x0 binaries/rdsopen.o
 .note.GNU-stack
                0x0000000000000000        0x0 binaries/rdsprocess.o
 .note.GNU-stack
                0x0000000000000000        0x0 binaries/rdsread.o
 .note.GNU-stack
                0x0000000000000000        0x0 binaries/rdswrite.o
 .note.GNU-stack
                0x0000000000000000        0x0 binaries/ramclose.o
 .note.GNU-stack
                0x0000000000000000        0x0 binaries/raminit.o
 .note.GNU-stack
                0x0000000000000000        0x0 binaries/ramopen.o
 .note.GNU-stack
                0x0000000000000000        0x0 binaries/ramread.o
 .note.GNU-stack
                0x0000000000000000        0x0 binaries/ramwrite.o
 .note.GNU-stack
                0x0000000000000000        0x0 binaries/lfdballoc.o
 .note.GNU-stack
                0x0000000000000000        0x0 binaries/lfdbfree.o
 .note.GNU-stack
                0x0000000000000000        0x0 binaries/lfflush.o
 .note.GNU-stack
                0x0000000000000000        0x0 binaries/lfgetmode.o
 .note.GNU-stack
                0x0000000000000000        0x0 binaries/lfiballoc.o
 .note.GNU-stack
                0x0000000000000000        0x0 binaries/lfibclear.o
 .note.GNU-stack
                0x0000000000000000        0x0 binaries/lfibget.o
 .note.GNU-stack
                0x0000000000000000        0x0 binaries/lfibput.o
 .note.GNU-stack
                0x0000000000000000        0x0 binaries/lflclose.o
 .note.GNU-stack
                0x0000000000000000        0x0 binaries/lflcontrol.o
 .note.GNU-stack
                0x0000000000000000        0x0 binaries/lflgetc.o
 .note.GNU-stack
                0x0000000000000000        0x0 binaries/lflinit.o
 .note.GNU-stack
                0x0000000000000000        0x0 binaries/lflputc.o
 .note.GNU-stack
                0x0000000000000000        0x0 binaries/lflread.o
 .note.GNU-stack
                0x0000000000000000        0x0 binaries/lflseek.o
 .note.GNU-stack
                0x0000000000000000        0x0 binaries/lflwrite.o
 .note.GNU-stack
                0x0000000000000000        0x0 binaries/lfsckfmt.o
 .note.GNU-stack
                0x0000000000000000        0x0 binaries/lfscontrol.o
 .note.GNU-stack
                0x0000000000000000        0x0 binaries/lfscreate.o
 .note.GNU-stack
                0x0000000000000000        0x0 binaries/lfsetup.o
 .note.GNU-stack
                0x0000000000000000        0x0 binaries/lfsinit.o
 .note.GNU-stack
                0x0000000000000000        0x0 binaries/lfsopen.o
 .note.GNU-stack
                0x0000000000000000        0x0 binaries/lftruncate.o
 .note.GNU-stack
                0x0000000000000000        0x0 binaries/rflclose.o
 .note.GNU-stack
                0x0000000000000000        0x0 binaries/rflgetc.o
 .note.GNU-stack
                0x0000000000000000        0x0 binaries/rflinit.o
 .note.GNU-stack
                0x0000000000000000        0x0 binaries/rflputc.o
 .note.GNU-stack
                0x0000000000000000        0x0 binaries/rflread.o
 .note.GNU-stack
                0x0000000000000000        0x0 binaries/rflseek.o
 .note.GNU-stack
                0x0000000000000000        0x0 binaries/rflwrite.o
 .note.GNU-stack
                0x0000000000000000        0x0 binaries/rfscomm.o
 .note.GNU-stack
                0x0000000000000000        0x0 binaries/rfscontrol.o
 .note.GNU-stack
                0x0000000000000000        0x0 binaries/rfsgetmode.o
 .note.GNU-stack
                0x0000000000000000        0x0 binaries/rfsinit.o
 .note.GNU-stack
                0x0000000000000000        0x0 binaries/rfsndmsg.o
 .note.GNU-stack
                0x0000000000000000        0x0 binaries/rfsopen.o
 .note.GNU-stack
                0x0000000000000000        0x0 binaries/uechoclose.o
 .note.GNU-stack
                0x0000000000000000        0x0 binaries/uechocontrol.o
 .note.GNU-stack
                0x0000000000000000        0x0 binaries/uechoget.o
 .note.GNU-stack
                0x0000000000000000        0x0 binaries/uechoinit.o
 .note.GNU-stack
                0x0000000000000000        0x0 binaries/uechoopen.o
 .note.GNU-stack
                0x0000000000000000        0x0 binaries/uechoputc.o
 .note.GNU-stack
                0x0000000000000000        0x0 binaries/uechoread.o
 .note.GNU-stack
                0x0000000000000000        0x0 binaries/uechowrite.o
 .note.GNU-stack
                0x0000000000000000        0x0 binaries/arp.o
 .note.GNU-stack
                0x0000000000000000        0x0 binaries/dhcp.o
 .note.GNU-stack
                0x0000000000000000        0x0 binaries/dns.o
 .note.GNU-stack
                0x0000000000000000        0x0 binaries/dot2ip.o
 .note.GNU-stack
                0x0000000000000000        0x0 binaries/hexdump.o
 .note.GNU-stack
                0x0000000000000000        0x0 binaries/icmp.o
 .note.GNU-stack
                0x0000000000000000        0x0 binaries/ip.o
 .note.GNU-stack
                0x0000000000000000        0x0 binaries/net.o
 .note.GNU-stack
                0x0000000000000000        0x0 binaries/netstart.o
 .note.GNU-stack
                0x0000000000000000        0x0 binaries/pdump.o
 .note.GNU-stack
                0x0000000000000000        0x0 binaries/tftp.o
 .note.GNU-stack
                0x0000000000000000        0x0 binaries/udp.o
 .note.GNU-stack
                0x0000000000000000        0x0 binaries/addargs.o
 .note.GNU-stack
                0x0000000000000000        0x0 binaries/lexan.o
 .note.GNU-stack
                0x0000000000000000        0x0 binaries/shell.o
 .note.GNU-stack
                0x0000000000000000        0x0 binaries/xsh_argecho.o
 .note.GNU-stack
                0x0000000000000000        0x0 binaries/xsh_arp.o
 .note.GNU-stack
                0x0000000000000000        0x0 binaries/xsh_basic.o
 .note.GNU-stack
                0x0000000000000000        0x0 binaries/xsh_blink.o
 .note.GNU-stack
                0x0000000000000000        0x0 binaries/xsh_cat.o
 .note.GNU-stack
                0x0000000000000000        0x0 binaries/xsh_clear.o
 .note.GNU-stack
                0x0000000000000000        0x0 binaries/xsh_cp.o
 .note.GNU-stack
                0x0000000000000000        0x0 binaries/xsh_date.o
 .note.GNU-stack
                0x0000000000000000        0x0 binaries/xsh_devdump.o
 .note.GNU-stack
                0x0000000000000000        0x0 binaries/xsh_dine.o
 .note.GNU-stack
                0x0000000000000000        0x0 binaries/xsh_e0.o
 .note.GNU-stack
                0x0000000000000000        0x0 binaries/xsh_echo.o
 .note.GNU-stack
                0x0000000000000000        0x0 binaries/xsh_exit.o
 .note.GNU-stack
                0x0000000000000000        0x0 binaries/xsh_help.o
 .note.GNU-stack
                0x0000000000000000        0x0 binaries/xsh_ipaddr.o
 .note.GNU-stack
                0x0000000000000000        0x0 binaries/xsh_kill.o
 .note.GNU-stack
                0x0000000000000000        0x0 binaries/xsh_ls.o
 .note.GNU-stack
                0x0000000000000000        0x0 binaries/xsh_memdump.o
 .note.GNU-stack
                0x0000000000000000        0x0 binaries/xsh_memstat.o
 .note.GNU-stack
                0x0000000000000000        0x0 binaries/xsh_mklfs.o
 .note.GNU-stack
                0x0000000000000000        0x0 binaries/xsh_msr.o
 .note.GNU-stack
                0x0000000000000000        0x0 binaries/xsh_netstat.o
 .note.GNU-stack
                0x0000000000000000        0x0 binaries/xsh_ping.o
 .note.GNU-stack
                0x0000000000000000        0x0 binaries/xsh_ps.o
 .note.GNU-stack
                0x0000000000000000        0x0 binaries/xsh_reboot.o
 .note.GNU-stack
                0x0000000000000000        0x0 binaries/xsh_rename.o
 .note.GNU-stack
                0x0000000000000000        0x0 binaries/xsh_rm.o
 .note.GNU-stack
                0x0000000000000000        0x0 binaries/xsh_sleep.o
 .note.GNU-stack
                0x0000000000000000        0x0 binaries/xsh_ss.o
 .note.GNU-stack
                0x0000000000000000        0x0 binaries/xsh_sum.o
 .note.GNU-stack
                0x0000000000000000        0x0 binaries/xsh_tail.o
 .note.GNU-stack
                0x0000000000000000        0x0 binaries/xsh_tftp.o
 .note.GNU-stack
                0x0000000000000000        0x0 binaries/xsh_tsetjmp.o
 .note.GNU-stack
                0x0000000000000000        0x0 binaries/xsh_udpdump.o
 .note.GNU-stack
                0x0000000000000000        0x0 binaries/xsh_udpecho.o
 .note.GNU-stack
                0x0000000000000000        0x0 binaries/xsh_udpeserver.o
 .note.GNU-stack
                0x0000000000000000        0x0 binaries/xsh_uptime.o
