
Allocating common symbols
Common symbol       size              file

netbufpool          0x4               binaries/net.o
readylist           0x2               binaries/ready.o
rfltab              0x5a0             binaries/rflinit.o
sleepq              0x2               binaries/clkinit.o
sem                 0x10              binaries/xsh_dine.o
nmeals              0x4               binaries/xsh_dine.o
nnames              0x4               binaries/naminit.o
udptab              0x6a8             binaries/udp.o
opkt                0x3e8             binaries/xsh_tftp.o
minheap             0x4               binaries/meminit.o
marks               0x50              binaries/mark.o
currpid             0x4               binaries/initialize.o
Lf_data             0x20c             binaries/lfscreate.o
porttab             0x2d0             binaries/ptinit.o
girmask             0x2               binaries/evec.o
ttytab              0x110             binaries/ttyinit.o
proctab             0x1770            binaries/initialize.o
prcount             0x4               binaries/initialize.o
ldev                0x8               binaries/ledinit.o
lfltab              0xf00             binaries/lflinit.o
rdstab              0x8c              binaries/rdsinit.o
ethertab            0x138             binaries/ethinit.o
nsaddr              0x4               binaries/dns.o
NetData             0xc0              binaries/net.o
ipkt                0x3e8             binaries/xsh_tftp.o
nmarks              0x4               binaries/mark.o
Defer               0x8               binaries/resched.o
semtab              0x4b0             binaries/initialize.o
maxheap             0x4               binaries/meminit.o
preempt             0x4               binaries/clkinit.o
buftab              0xf0              binaries/bufinit.o
Rf_data             0x18              binaries/rfsinit.o
term                0x4               binaries/xsh_dine.o
savjmp              0x18              binaries/xsh_basic.o
mkmutex             0x4               binaries/mark.o
network_status      0x4               binaries/ethinit.o
phil                0x10              binaries/xsh_dine.o
clktime             0x4               binaries/clkinit.o
arpcache            0x500             binaries/arp.o
icmptab             0x230             binaries/icmp.o
nbpools             0x4               binaries/bufinit.o
queuetab            0x980             binaries/queue.o
ptnextid            0x4               binaries/ptinit.o
Ram                 0x19000           binaries/raminit.o
ipoqueue            0x2c              binaries/ip.o
eaten               0x10              binaries/xsh_dine.o
uedev               0xa20             binaries/uechoinit.o
memlist             0x8               binaries/initialize.o
nametab             0x19a0            binaries/naminit.o
ptfree              0x4               binaries/ptinit.o

Discarded input sections

 .group         0x0000000000000000        0x8 binaries/ascdate.o
 .group         0x0000000000000000        0x8 binaries/bufinit.o
 .group         0x0000000000000000        0x8 binaries/chprio.o
 .group         0x0000000000000000        0x8 binaries/clkhandler.o
 .text.__x86.get_pc_thunk.bx
                0x0000000000000000        0x4 binaries/clkhandler.o
 .group         0x0000000000000000        0x8 binaries/clkinit.o
 .text.__x86.get_pc_thunk.bx
                0x0000000000000000        0x4 binaries/clkinit.o
 .group         0x0000000000000000        0x8 binaries/close.o
 .text.__x86.get_pc_thunk.bx
                0x0000000000000000        0x4 binaries/close.o
 .group         0x0000000000000000        0x8 binaries/control.o
 .text.__x86.get_pc_thunk.bx
                0x0000000000000000        0x4 binaries/control.o
 .group         0x0000000000000000        0x8 binaries/create.o
 .text.__x86.get_pc_thunk.bx
                0x0000000000000000        0x4 binaries/create.o
 .group         0x0000000000000000        0x8 binaries/early_imr.o
 .text.__x86.get_pc_thunk.bx
                0x0000000000000000        0x4 binaries/early_imr.o
 .group         0x0000000000000000        0x8 binaries/evec.o
 .text.__x86.get_pc_thunk.bx
                0x0000000000000000        0x4 binaries/evec.o
 .group         0x0000000000000000        0x8 binaries/exit.o
 .text.__x86.get_pc_thunk.bx
                0x0000000000000000        0x4 binaries/exit.o
 .group         0x0000000000000000        0x8 binaries/freebuf.o
 .text.__x86.get_pc_thunk.bx
                0x0000000000000000        0x4 binaries/freebuf.o
 .group         0x0000000000000000        0x8 binaries/freemem.o
 .text.__x86.get_pc_thunk.bx
                0x0000000000000000        0x4 binaries/freemem.o
 .group         0x0000000000000000        0x8 binaries/getbuf.o
 .text.__x86.get_pc_thunk.bx
                0x0000000000000000        0x4 binaries/getbuf.o
 .group         0x0000000000000000        0x8 binaries/getc.o
 .text.__x86.get_pc_thunk.bx
[...]
Memory Configuration

Name             Origin             Length             Attributes
*default*        0x0000000000000000 0xffffffffffffffff

Linker script and memory map

                0x0000000000100000                physbase = 0x100000
                0x0000000000100000                . = physbase
                0x0000000000100000                . = ALIGN (0x1000)

.text           0x0000000000100000    0x24000
                0x0000000000100000                text = ABSOLUTE (.)
 *(.text .text.*)
 .text          0x0000000000100000      0x1a8 binaries/start.o
                0x0000000000100024                start
                0x00000000001000f6                inb
                0x00000000001000fe                inw
                0x0000000000100107                inl
                0x000000000010010f                outb
                0x0000000000100119                outw
                0x0000000000100124                outl
                0x000000000010012e                _rtcin
                0x0000000000100139                ___udivsi3
                0x0000000000100144                ___divsi3
                0x0000000000100150                sbzero
                0x0000000000100160                bcopy
                0x0000000000100174                insw
                0x000000000010018a                outsw
                0x00000000001001a0                lidt
 .text          0x00000000001001a8      0x2de binaries/ascdate.o
                0x00000000001001a8                ascdate
 .text.__x86.get_pc_thunk.di
                0x0000000000100486        0x4 binaries/ascdate.o
                0x0000000000100486                __x86.get_pc_thunk.di
 .text          0x000000000010048a       0x20 binaries/bufinit.o
                0x000000000010048a                bufinit
 .text.__x86.get_pc_thunk.ax
                0x00000000001004aa        0x4 binaries/bufinit.o
                0x00000000001004aa                __x86.get_pc_thunk.ax
 .text          0x00000000001004ae       0x88 binaries/chprio.o
                0x00000000001004ae                chprio
 .text.__x86.get_pc_thunk.bx
                0x0000000000100536        0x4 binaries/chprio.o
                0x0000000000100536                __x86.get_pc_thunk.bx
 .text          0x000000000010053a       0x96 binaries/clkhandler.o
                0x000000000010053a                clkhandler
 .text          0x00000000001005d0       0x74 binaries/clkinit.o
                0x00000000001005d0                clkinit
 .text          0x0000000000100644       0x65 binaries/close.o
                0x0000000000100644                close
 .text          0x00000000001006a9        0x0 binaries/conf.o
 .text          0x00000000001006a9       0x6b binaries/control.o
                0x00000000001006a9                control
 .text          0x0000000000100714      0x2ee binaries/create.o
                0x0000000000100714                create
 .text          0x0000000000100a02      0x243 binaries/early_imr.o
                0x0000000000100a02                intel_cln_early_sb_read_reg
                0x0000000000100a64                intel_cln_early_sb_write_reg
                0x0000000000100b2f                remove_irm_protections
 .text          0x0000000000100c45      0x37c binaries/evec.o
                0x0000000000100c45                setirmask
                0x0000000000100c99                set_evec
                0x0000000000100d09                initevec
                0x0000000000100df1                trap
 .text          0x0000000000100fc1       0x28 binaries/exit.o
                0x0000000000100fc1                exit
 .text          0x0000000000100fe9       0x93 binaries/freebuf.o
                0x0000000000100fe9                freebuf
 .text          0x000000000010107c      0x191 binaries/freemem.o
                0x000000000010107c                freemem
 .text          0x000000000010120d       0x7c binaries/getbuf.o
                0x000000000010120d                getbuf
 .text          0x0000000000101289       0x65 binaries/getc.o
                0x0000000000101289                getc
 .text          0x00000000001012ee       0x74 binaries/getdev.o
                0x00000000001012ee                getdev
 .text          0x0000000000101362       0xa1 binaries/getitem.o
                0x0000000000101362                getitem
                0x0000000000101398                getfirst
                0x00000000001013cc                getlast
 .text.__x86.get_pc_thunk.dx
                0x0000000000101403        0x4 binaries/getitem.o
                0x0000000000101403                __x86.get_pc_thunk.dx
 .text          0x0000000000101407       0xd9 binaries/getmem.o
                0x0000000000101407                getmem
 .text          0x00000000001014e0       0x17 binaries/getpid.o
                0x00000000001014e0                getpid
 .text          0x00000000001014f7       0x70 binaries/getprio.o
                0x00000000001014f7                getprio
 .text          0x0000000000101567       0xc5 binaries/getstk.o
                0x0000000000101567                getstk
 .text          0x000000000010162c       0x41 binaries/gettime.o
                0x000000000010162c                gettime
 .text          0x000000000010166d      0x302 binaries/getutime.o
                0x000000000010166d                getutime
 .text          0x000000000010196f      0xbef binaries/gpio_i2c.o
                0x0000000000101b12                vGalileoInitializeLegacyGPIO
                0x0000000000101d74                vGalileoInitializeGpioController
                0x0000000000101f10                vGalileoSetGPIOBitDirection
                0x0000000000101f66                vGalileoSetGPIOBitLevel
                0x0000000000101fbc                vGalileoBlinkLEDUsingLegacyGPIO
                0x0000000000101ffa                vMicroSecondDelay
                0x0000000000102187                vMilliSecondDelay
                0x00000000001021a7                WriteMultipleByte
                0x0000000000102224                ReadMultipleByte
                0x0000000000102488                vGalileoLegacyGPIOInitializationForLED
 .text.__x86.get_pc_thunk.cx
                0x000000000010255e        0x4 binaries/gpio_i2c.o
                0x000000000010255e                __x86.get_pc_thunk.cx
 .text          0x0000000000102562       0x65 binaries/init.o
                0x0000000000102562                init
 .text          0x00000000001025c7      0x27c binaries/initialize.o
                0x00000000001025c7                nulluser
                0x00000000001027e9                stop
                0x000000000010281d                delay
 .text          0x0000000000102843       0x9a binaries/insert.o
                0x0000000000102843                insert
 .text          0x00000000001028dd      0x117 binaries/insertd.o
                0x00000000001028dd                insertd
 .text          0x00000000001029f4        0xa binaries/ioerr.o
                0x00000000001029f4                ioerr
 .text          0x00000000001029fe        0xa binaries/ionull.o
                0x00000000001029fe                ionull
 .text          0x0000000000102a08      0x199 binaries/kill.o
                0x0000000000102a08                kill
 .text          0x0000000000102ba1       0xbe binaries/kprintf.o
                0x0000000000102ba1                kputc
                0x0000000000102bf2                kgetc
                0x0000000000102c30                kprintf
 .text          0x0000000000102c5f       0xb0 binaries/main.o
                0x0000000000102c5f                main
 .text          0x0000000000102d0f       0xc2 binaries/mark.o
                0x0000000000102d0f                markinit
                0x0000000000102d44                mark
 .text          0x0000000000102dd1      0x22a binaries/meminit.o
                0x0000000000102dd1                meminit
                0x0000000000102f6c                setsegs
 .text          0x0000000000102ffb      0x151 binaries/mkbufpool.o
                0x0000000000102ffb                mkbufpool
 .text          0x000000000010314c       0x56 binaries/netup.o
                0x000000000010314c                netup
 .text          0x00000000001031a2       0x62 binaries/newqueue.o
                0x00000000001031a2                newqueue
 .text          0x0000000000103204       0x6b binaries/open.o
                0x0000000000103204                open
 .text          0x000000000010326f       0x2e binaries/panic.o
                0x000000000010326f                panic
 .text          0x000000000010329d      0x280 binaries/pci.o
                0x000000000010329d                pci_init
                0x00000000001032a7                find_pci_device
                0x0000000000103364                pci_read_config_byte
                0x00000000001033a2                pci_read_config_word
                0x00000000001033e2                pci_read_config_dword
                0x0000000000103420                pci_write_config_byte
                0x000000000010345c                pci_write_config_word
                0x0000000000103499                pci_write_config_dword
                0x00000000001034d5                pci_get_dev_mmio_base_addr
 .text          0x000000000010351d       0xb2 binaries/platinit.o
                0x000000000010351d                console_init
                0x0000000000103564                platinit
 .text          0x00000000001035cf       0xc2 binaries/ptclear.o
                0x00000000001035cf                _ptclear
 .text          0x0000000000103691       0xa5 binaries/ptcount.o
                0x0000000000103691                ptcount
 .text          0x0000000000103736       0xeb binaries/ptcreate.o
                0x0000000000103736                ptcreate
 .text          0x0000000000103821       0x78 binaries/ptdelete.o
                0x0000000000103821                ptdelete
 .text          0x0000000000103899       0xa6 binaries/ptinit.o
                0x0000000000103899                ptinit
 .text          0x000000000010393f      0x123 binaries/ptrecv.o
                0x000000000010393f                ptrecv
 .text          0x0000000000103a62       0x70 binaries/ptreset.o
                0x0000000000103a62                ptreset
 .text          0x0000000000103ad2      0x162 binaries/ptsend.o
                0x0000000000103ad2                ptsend
 .text          0x0000000000103c34       0x70 binaries/putc.o
                0x0000000000103c34                putc
 .text          0x0000000000103ca4       0xc1 binaries/quark_irq.o
                0x0000000000103ca4                quark_irq_routing
 .text          0x0000000000103d65      0x1b8 binaries/quark_pdat.o
                0x0000000000103d65                get_quark_pdat_entry_data_by_id
                0x0000000000103e3f                get_quark_pdat_entry_data_by_desc
 .text          0x0000000000103f1d       0xcd binaries/queue.o
                0x0000000000103f1d                enqueue
                0x0000000000103f8d                dequeue
 .text          0x0000000000103fea       0x6b binaries/read.o
                0x0000000000103fea                read
 .text          0x0000000000104055       0x7d binaries/ready.o
                0x0000000000104055                ready
 .text          0x00000000001040d2       0x86 binaries/receive.o
                0x00000000001040d2                receive
 .text          0x0000000000104158       0x6b binaries/recvclr.o
                0x0000000000104158                recvclr
 .text          0x00000000001041c3       0xcf binaries/recvtime.o
                0x00000000001041c3                recvtime
 .text          0x0000000000104292       0x63 binaries/remove.o
                0x0000000000104292                remove
 .text          0x00000000001042f5       0xb5 binaries/rename.o
                0x00000000001042f5                rename
 .text          0x00000000001043aa      0x18f binaries/resched.o
                0x00000000001043aa                resched
                0x00000000001044aa                resched_cntl
 .text          0x0000000000104539       0xa0 binaries/resume.o
                0x0000000000104539                resume
 .text          0x00000000001045d9       0x68 binaries/seek.o
                0x00000000001045d9                seek
 .text          0x0000000000104641       0x65 binaries/semcount.o
                0x0000000000104641                semcount
 .text          0x00000000001046a6       0xb0 binaries/semcreate.o
                0x00000000001046a6                semcreate
 .text          0x0000000000104756       0xe4 binaries/semdelete.o
                0x0000000000104756                semdelete
 .text          0x000000000010483a       0xc7 binaries/semreset.o
                0x000000000010483a                semreset
 .text          0x0000000000104901       0xd9 binaries/send.o
                0x0000000000104901                send
 .text          0x00000000001049da       0xad binaries/showmema.o
                0x00000000001049da                showmema
 .text          0x0000000000104a87       0xb2 binaries/signal.o
                0x0000000000104a87                signal
 .text          0x0000000000104b39       0xec binaries/signaln.o
                0x0000000000104b39                signaln
 .text          0x0000000000104c25       0xe1 binaries/sleep.o
                0x0000000000104c25                sleepms
                0x0000000000104cd0                sleep
 .text          0x0000000000104d06        0xa binaries/ssignal.o
                0x0000000000104d06                ssignal
 .text          0x0000000000104d10      0x208 binaries/stacktrace.o
                0x0000000000104d10                stacktrace
 .text          0x0000000000104f18       0xdb binaries/suspend.o
                0x0000000000104f18                suspend
 .text          0x0000000000104ff3        0xa binaries/swait.o
                0x0000000000104ff3                swait
 .text          0x0000000000104ffd       0xa9 binaries/unsleep.o
                0x0000000000104ffd                unsleep
 .text          0x00000000001050a6       0x28 binaries/userret.o
                0x00000000001050a6                userret
 .text          0x00000000001050ce       0xd3 binaries/wait.o
                0x00000000001050ce                wait
 .text          0x00000000001051a1       0x8f binaries/wakeup.o
                0x00000000001051a1                wakeup
 .text          0x0000000000105230       0x6b binaries/write.o
                0x0000000000105230                write
 .text          0x000000000010529b       0x2b binaries/xdone.o
                0x000000000010529b                xdone
 .text          0x00000000001052c6       0x31 binaries/yield.o
                0x00000000001052c6                yield
 .text          0x00000000001052f7       0x11 binaries/abs.o
                0x00000000001052f7                abs
 .text          0x0000000000105308       0x7c binaries/atoi.o
                0x0000000000105308                atoi
 .text          0x0000000000105384       0x7c binaries/atol.o
                0x0000000000105384                atol
 .text          0x0000000000105400       0x1b binaries/bzero.o
                0x0000000000105400                bzero
 .text          0x000000000010541b        0x0 binaries/ctype_.o
 .text          0x000000000010541b      0x776 binaries/doprnt.o
                0x00000000001055db                _doprnt
 .text          0x0000000000105b91      0x676 binaries/doscan.o
                0x0000000000105b91                _doscan
 .text          0x0000000000106207      0x6cb binaries/fdoprnt.o
                0x000000000010628d                _fdoprnt
 .text          0x00000000001068d2       0x2d binaries/fgetc.o
                0x00000000001068d2                fgetc
 .text          0x00000000001068ff       0x65 binaries/fgets.o
                0x00000000001068ff                fgets
 .text          0x0000000000106964       0x7c binaries/fprintf.o
                0x000000000010697d                fprintf
 .text          0x00000000001069e0       0x36 binaries/fputc.o
                0x00000000001069e0                fputc
 .text          0x0000000000106a16       0x4d binaries/fputs.o
                0x0000000000106a16                fputs
 .text          0x0000000000106a63       0x88 binaries/fscanf.o
                0x0000000000106aac                fscanf
 .text          0x0000000000106aeb       0x39 binaries/getchar.o
                0x0000000000106aeb                getchar
 .text          0x0000000000106b24       0x4b binaries/isatty.o
                0x0000000000106b24                isatty
 .text          0x0000000000106b6f       0x16 binaries/isdigit.o
                0x0000000000106b6f                isdigit
 .text          0x0000000000106b85       0x11 binaries/labs.o
                0x0000000000106b85                labs
 .text          0x0000000000106b96       0x36 binaries/memchr.o
                0x0000000000106b96                memchr
 .text          0x0000000000106bcc       0x48 binaries/memcmp.o
                0x0000000000106bcc                memcmp
 .text          0x0000000000106c14       0x26 binaries/memcpy.o
                0x0000000000106c14                memcpy
 .text          0x0000000000106c3a       0x1f binaries/memset.o
                0x0000000000106c3a                memset
 .text          0x0000000000106c59       0x96 binaries/printf.o
                0x0000000000106c72                printf
 .text          0x0000000000106cef       0x3c binaries/putchar.o
                0x0000000000106cef                putchar
 .text          0x0000000000106d2b      0x337 binaries/qsort.o
                0x0000000000106d2b                qsort
 .text          0x0000000000107062       0x45 binaries/rand.o
                0x0000000000107062                srand
                0x000000000010707a                rand
 .text          0x00000000001070a7       0x58 binaries/sprintf.o
                0x00000000001070c0                sprintf
 .text          0x00000000001070ff       0x6d binaries/sscanf.o
                0x000000000010712f                sscanf
 .text          0x000000000010716c       0x28 binaries/strcat.o
                0x000000000010716c                strcat
 .text          0x0000000000107194       0x2f binaries/strchr.o
                0x0000000000107194                strchr
 .text          0x00000000001071c3       0x44 binaries/strcmp.o
                0x00000000001071c3                strcmp
 .text          0x0000000000107207       0x1b binaries/strcpy.o
                0x0000000000107207                strcpy
 .text          0x0000000000107222       0x14 binaries/strlen.o
                0x0000000000107222                strlen
 .text          0x0000000000107236       0x34 binaries/strncat.o
                0x0000000000107236                strncat
 .text          0x000000000010726a       0x37 binaries/strncmp.o
                0x000000000010726a                strncmp
 .text          0x00000000001072a1       0x55 binaries/strncpy.o
                0x00000000001072a1                strncpy
 .text          0x00000000001072f6       0x32 binaries/strnlen.o
                0x00000000001072f6                strnlen
 .text          0x0000000000107328       0x49 binaries/strpbrk.o
                0x0000000000107328                strpbrk
 .text          0x0000000000107371       0x36 binaries/strrchr.o
                0x0000000000107371                strrchr
 .text          0x00000000001073a7       0x46 binaries/strspn.o
                0x00000000001073a7                strspn
 .text          0x00000000001073ed       0x6a binaries/strstr.o
                0x00000000001073ed                strstr
 .text          0x0000000000107457       0x88 binaries/strtok.o
                0x0000000000107457                strtok
 .text          0x00000000001074df       0xa6 binaries/strtol.o
                0x00000000001074df                strtol
 .text          0x0000000000107585       0x79 binaries/strtoul.o
                0x0000000000107585                strtoul
 .text          0x00000000001075fe       0x15 binaries/tolower.o
                0x00000000001075fe                tolower
 .text          0x0000000000107613       0x15 binaries/toupper.o
                0x0000000000107613                toupper
 .text          0x0000000000107628      0x1fd binaries/xstoul.o
                0x0000000000107628                _Stoul
 .text          0x0000000000107825      0x158 binaries/ttycontrol.o
                0x0000000000107825                ttycontrol
 .text          0x000000000010797d       0xd6 binaries/ttygetc.o
                0x000000000010797d                ttygetc
 .text          0x0000000000107a53      0x529 binaries/ttyhandle_in.o
                0x0000000000107b27                ttyhandle_in
 .text          0x0000000000107f7c      0x17d binaries/ttyhandle_out.o
                0x0000000000107f7c                ttyhandle_out
 .text          0x00000000001080f9       0x9a binaries/ttyhandler.o
                0x00000000001080f9                ttyhandler
 .text          0x0000000000108193      0x18a binaries/ttyinit.o
                0x0000000000108193                ttyinit
 .text          0x000000000010831d        0xf binaries/ttykickout.o
                0x000000000010831d                ttykickout
 .text          0x000000000010832c       0xeb binaries/ttyputc.o
                0x000000000010832c                ttyputc
 .text          0x0000000000108417      0x139 binaries/ttyread.o
                0x0000000000108417                ttyread
 .text          0x0000000000108550       0x5c binaries/ttywrite.o
                0x0000000000108550                ttywrite
 .text          0x00000000001085ac      0x165 binaries/mount.o
                0x00000000001085ac                namlen
                0x00000000001085e6                mount
 .text          0x0000000000108711      0x224 binaries/naminit.o
                0x0000000000108711                naminit
 .text          0x0000000000108935      0x258 binaries/nammap.o
                0x0000000000108935                namrepl
                0x0000000000108a74                namcpy
                0x0000000000108ae4                nammap
 .text.__x86.get_pc_thunk.si
                0x0000000000108b8d        0x4 binaries/nammap.o
                0x0000000000108b8d                __x86.get_pc_thunk.si
 .text          0x0000000000108b91       0x53 binaries/namopen.o
                0x0000000000108b91                namopen
 .text          0x0000000000108be4      0x133 binaries/colon2mac.o
                0x0000000000108be4                colon2mac
 .text          0x0000000000108d17       0x8b binaries/ethcontrol.o
                0x0000000000108d17                ethcontrol
 .text          0x0000000000108da2      0x198 binaries/ethhandler.o
                0x0000000000108da2                ethhandler
 .text          0x0000000000108f3a      0x600 binaries/ethinit.o
                0x0000000000108f3a                eth_phy_read
                0x0000000000108f78                eth_phy_write
                0x0000000000108fb7                eth_phy_reset
                0x0000000000109098                ethinit
 .text          0x000000000010953a      0x102 binaries/ethmcast.o
                0x000000000010953a                ethmcast_add
                0x0000000000109596                ethmcast_remove
 .text          0x000000000010963c      0x1b0 binaries/ethread.o
                0x000000000010963c                ethread
 .text          0x00000000001097ec       0xe6 binaries/ethwrite.o
                0x00000000001097ec                ethwrite
 .text          0x00000000001098d2       0x76 binaries/rdsbufalloc.o
                0x00000000001098d2                rdsbufalloc
 .text          0x0000000000109948       0xc7 binaries/rdsclose.o
                0x0000000000109948                rdsclose
 .text          0x0000000000109a0f      0x22c binaries/rdscomm.o
                0x0000000000109a0f                rdscomm
 .text          0x0000000000109c3b      0x1e4 binaries/rdscontrol.o
                0x0000000000109c3b                rdscontrol
 .text          0x0000000000109e1f      0x205 binaries/rdsinit.o
                0x0000000000109e1f                rdsinit
 .text          0x000000000010a024      0x1b0 binaries/rdsopen.o
                0x000000000010a024                rdsopen
 .text          0x000000000010a1d4      0x32b binaries/rdsprocess.o
                0x000000000010a1d4                rdsprocess
 .text          0x000000000010a4ff      0x241 binaries/rdsread.o
                0x000000000010a4ff                rdsread
 .text          0x000000000010a740      0x1bd binaries/rdswrite.o
                0x000000000010a740                rdswrite
 .text          0x000000000010a8fd        0xa binaries/ramclose.o
                0x000000000010a8fd                ramclose
 .text          0x000000000010a907       0x46 binaries/raminit.o
                0x000000000010a907                raminit
 .text          0x000000000010a94d        0xa binaries/ramopen.o
                0x000000000010a94d                ramopen
 .text          0x000000000010a957       0x36 binaries/ramread.o
                0x000000000010a957                ramread
 .text          0x000000000010a98d       0x36 binaries/ramwrite.o
                0x000000000010a98d                ramwrite
 .text          0x000000000010a9c3       0xa9 binaries/lfdballoc.o
                0x000000000010a9c3                lfdballoc
 .text          0x000000000010aa6c       0x59 binaries/lfdbfree.o
                0x000000000010aa6c                lfdbfree
 .text          0x000000000010aac5       0xbe binaries/lfflush.o
                0x000000000010aac5                lfflush
 .text          0x000000000010ab83       0xa7 binaries/lfgetmode.o
                0x000000000010ab83                lfgetmode
 .text          0x000000000010ac2a       0x72 binaries/lfiballoc.o
                0x000000000010ac2a                lfiballoc
 .text          0x000000000010ac9c       0x27 binaries/lfibclear.o
                0x000000000010ac9c                lfibclear
 .text          0x000000000010acc3       0x83 binaries/lfibget.o
                0x000000000010acc3                lfibget
 .text          0x000000000010ad46       0xa8 binaries/lfibput.o
                0x000000000010ad46                lfibput
 .text          0x000000000010adee       0xc7 binaries/lflclose.o
                0x000000000010adee                lflclose
 .text          0x000000000010aeb5      0x161 binaries/lflcontrol.o
                0x000000000010aeb5                lflcontrol
 .text          0x000000000010b016      0x13d binaries/lflgetc.o
                0x000000000010b016                lflgetc
 .text          0x000000000010b153       0xf1 binaries/lflinit.o
                0x000000000010b153                lflinit
 .text          0x000000000010b244      0x151 binaries/lflputc.o
                0x000000000010b244                lflputc
 .text          0x000000000010b395       0x95 binaries/lflread.o
                0x000000000010b395                lflread
 .text          0x000000000010b42a       0xdd binaries/lflseek.o
                0x000000000010b42a                lflseek
 .text          0x000000000010b507       0x63 binaries/lflwrite.o
                0x000000000010b507                lflwrite
 .text          0x000000000010b56a      0x17e binaries/lfsckfmt.o
                0x000000000010b56a                lfsckfmt
 .text          0x000000000010b6e8      0x81d binaries/lfscontrol.o
                0x000000000010b758                lfscontrol
 .text          0x000000000010bf05      0x22a binaries/lfscreate.o
                0x000000000010bf05                lfscreate
 .text          0x000000000010c12f      0x20d binaries/lfsetup.o
                0x000000000010c12f                lfsetup
 .text          0x000000000010c33c       0x56 binaries/lfsinit.o
                0x000000000010c33c                lfsinit
 .text          0x000000000010c392      0x4c0 binaries/lfsopen.o
                0x000000000010c392                lfsopen
 .text          0x000000000010c852      0x153 binaries/lftruncate.o
                0x000000000010c852                lftruncate
 .text          0x000000000010c9a5       0x85 binaries/rflclose.o
                0x000000000010c9a5                rflclose
 .text          0x000000000010ca2a       0x43 binaries/rflgetc.o
                0x000000000010ca2a                rflgetc
 .text          0x000000000010ca6d       0x83 binaries/rflinit.o
                0x000000000010ca6d                rflinit
 .text          0x000000000010caf0       0x3a binaries/rflputc.o
                0x000000000010caf0                rflputc
 .text          0x000000000010cb2a      0x32a binaries/rflread.o
                0x000000000010cb2a                rflread
 .text          0x000000000010ce54       0x88 binaries/rflseek.o
                0x000000000010ce54                rflseek
 .text          0x000000000010cedc      0x34b binaries/rflwrite.o
                0x000000000010cedc                rflwrite
 .text          0x000000000010d227      0x1a2 binaries/rfscomm.o
                0x000000000010d227                rfscomm
 .text          0x000000000010d3c9      0x312 binaries/rfscontrol.o
                0x000000000010d3c9                rfscontrol
 .text          0x000000000010d6db       0x7c binaries/rfsgetmode.o
                0x000000000010d6db                rfsgetmode
 .text          0x000000000010d757       0xc6 binaries/rfsinit.o
                0x000000000010d757                rfsinit
 .text          0x000000000010d81d       0xc6 binaries/rfsndmsg.o
                0x000000000010d81d                rfsndmsg
 .text          0x000000000010d8e3      0x279 binaries/rfsopen.o
                0x000000000010d8e3                rfsopen
 .text          0x000000000010db5c        0xa binaries/uechoclose.o
                0x000000000010db5c                uechoclose
 .text          0x000000000010db66        0xa binaries/uechocontrol.o
                0x000000000010db66                uechocontrol
 .text          0x000000000010db70      0x318 binaries/uechoget.o
                0x000000000010db70                uechoget
 .text          0x000000000010de88      0x162 binaries/uechoinit.o
                0x000000000010de88                uechoinit
                0x000000000010decd                ueproc
                0x000000000010df5c                ueconn
 .text          0x000000000010dfea       0xb8 binaries/uechoopen.o
                0x000000000010dfea                uechoopen
 .text          0x000000000010e0a2       0xb9 binaries/uechoputc.o
                0x000000000010e0a2                uechoput
 .text          0x000000000010e15b       0x66 binaries/uechoread.o
                0x000000000010e15b                uechoread
 .text          0x000000000010e1c1      0x11c binaries/uechowrite.o
                0x000000000010e1c1                uechowrite
 .text          0x000000000010e2dd       0x4b binaries/ledclose.o
                0x000000000010e2dd                ledclose
 .text          0x000000000010e328       0x24 binaries/ledgetc.o
                0x000000000010e328                ledgetc
 .text          0x000000000010e34c       0x3c binaries/ledinit.o
                0x000000000010e34c                ledinit
 .text          0x000000000010e388       0x2b binaries/ledopen.o
                0x000000000010e388                ledopen
 .text          0x000000000010e3b3       0x6b binaries/ledputc.o
                0x000000000010e3b3                ledputc
 .text          0x000000000010e41e       0x30 binaries/ledread.o
                0x000000000010e41e                ledread
 .text          0x000000000010e44e       0x6f binaries/ledwrite.o
                0x000000000010e44e                ledwrite
 .text          0x000000000010e4bd      0x6b7 binaries/arp.o
                0x000000000010e4bd                arp_init
                0x000000000010e4e8                arp_alloc
                0x000000000010e59a                arp_ntoh
                0x000000000010e607                arp_hton
                0x000000000010e674                arp_resolve
                0x000000000010e90a                arp_in
 .text          0x000000000010eb74      0x827 binaries/dhcp.o
                0x000000000010eb74                dhcp_get_opt_val
                0x000000000010ebc6                dhcp_bld_bootp_msg
                0x000000000010ecad                dhcp_bld_disc
                0x000000000010ecff                dhcp_bld_req
                0x000000000010eda9                getlocalip
 .text          0x000000000010f39b      0x432 binaries/dns.o
                0x000000000010f39b                dns_bldq
                0x000000000010f431                dns_getrname
                0x000000000010f4e7                dns_geta
                0x000000000010f62c                dns_qa
 .text          0x000000000010f7cd       0xd9 binaries/dot2ip.o
                0x000000000010f7cd                dot2ip
 .text          0x000000000010f8a6      0x3fd binaries/hexdump.o
                0x000000000010f8a6                hexdump
                0x000000000010fa43                hexadump
 .text          0x000000000010fca3      0x78a binaries/icmp.o
                0x000000000010fca3                icmp_init
                0x000000000010fccb                icmp_register
                0x000000000010fd88                icmp_recv
                0x000000000010ff55                icmp_mkpkt
                0x0000000000110049                icmp_in
                0x00000000001101ef                icmp_send
                0x0000000000110271                icmp_release
                0x00000000001103a8                icmp_cksum
                0x00000000001103ff                icmp_hton
                0x0000000000110416                icmp_ntoh
 .text          0x000000000011042d      0x673 binaries/ip.o
                0x000000000011042d                ip_local
                0x000000000011047c                ipcksum
                0x00000000001104cf                ip_ntoh
                0x000000000011053c                ip_in
                0x0000000000110685                ip_hton
                0x00000000001106f2                ip_out
                0x00000000001107bb                ip_send
                0x00000000001108ee                ipout
                0x00000000001109f5                ip_enqueue
 .text          0x0000000000110aa0      0x239 binaries/net.o
                0x0000000000110aa0                net_init
                0x0000000000110c0e                eth_hton
                0x0000000000110c1b                eth_ntoh
                0x0000000000110c28                netin
 .text          0x0000000000110cd9       0xfd binaries/netstart.o
                0x0000000000110cd9                netstart
 .text          0x0000000000110dd6      0xaee binaries/pdump.o
                0x0000000000110dd6                pdump
                0x0000000000111415                pdumph
 .text          0x00000000001118c4      0x603 binaries/tftp.o
                0x00000000001118c4                tftp_send1
                0x00000000001119dc                tftpget_mb
                0x0000000000111ea4                tftpget
 .text          0x0000000000111ec7      0xb2d binaries/udp.o
                0x0000000000111ec7                udp_init
                0x0000000000111f14                udp_in
                0x0000000000112053                udp_register
                0x0000000000112173                udp_recv
                0x0000000000112343                udp_recvaddr
                0x000000000011250f                udp_send
                0x00000000001126e0                udp_sendto
                0x0000000000112883                udp_release
                0x00000000001129c6                udp_ntoh
                0x00000000001129dd                udp_hton
 .text          0x00000000001129f4      0x16d binaries/addargs.o
                0x00000000001129f4                addargs
 .text          0x0000000000112b61      0x1f4 binaries/lexan.o
                0x0000000000112b61                lexan
 .text          0x0000000000112d55      0xa25 binaries/shell.o
                0x0000000000112d55                shell
 .text          0x000000000011377a       0x6c binaries/xsh_argecho.o
                0x000000000011377a                xsh_argecho
 .text          0x00000000001137e6      0x242 binaries/xsh_arp.o
                0x00000000001137e6                xsh_arp
 .text          0x0000000000113a28     0x221e binaries/xsh_basic.o
                0x000000000011581b                xsh_basic
 .text          0x0000000000115c46      0x1e0 binaries/xsh_blink.o
                0x0000000000115cef                xsh_blink
 .text          0x0000000000115e26      0x5a5 binaries/xsh_blinkled.o
                0x0000000000115f5b                xsh_blinkled
 .text          0x00000000001163cb      0x283 binaries/xsh_cat.o
                0x00000000001163cb                xsh_cat
 .text          0x000000000011664e       0x6f binaries/xsh_clear.o
                0x000000000011664e                xsh_clear
 .text          0x00000000001166bd      0x19f binaries/xsh_cp.o
                0x00000000001166bd                xsh_cp
 .text          0x000000000011685c      0x2d7 binaries/xsh_date.o
                0x000000000011685c                xsh_date
 .text          0x0000000000116b33       0xae binaries/xsh_devdump.o
                0x0000000000116b33                xsh_devdump
 .text          0x0000000000116be1      0x4a4 binaries/xsh_dine.o
                0x0000000000116be1                take_forks
                0x0000000000116c24                put_forks
                0x0000000000116c67                phil_func
                0x0000000000116d6e                xsh_dine
 .text          0x0000000000117085     0x1970 binaries/xsh_e0.o
                0x0000000000117467                xmalloc
                0x00000000001174e3                fail
                0x0000000000117756                printn
                0x00000000001179bc                xsh_e0
 .text          0x00000000001189f5       0x77 binaries/xsh_echo.o
                0x00000000001189f5                xsh_echo
 .text          0x0000000000118a6c        0xa binaries/xsh_exit.o
                0x0000000000118a6c                xsh_exit
 .text          0x0000000000118a76      0x372 binaries/xsh_help.o
                0x0000000000118a76                xsh_help
 .text          0x0000000000118de8      0x4eb binaries/xsh_ipaddr.o
                0x0000000000118de8                xsh_ipaddr
 .text          0x00000000001192d3      0x20a binaries/xsh_kill.o
                0x00000000001192d3                xsh_kill
 .text          0x00000000001194dd      0x5dd binaries/xsh_ls.o
                0x00000000001194ff                xsh_ls
 .text          0x0000000000119aba      0x3a1 binaries/xsh_memdump.o
                0x0000000000119b35                xsh_memdump
 .text          0x0000000000119e5b      0x22f binaries/xsh_memstat.o
                0x0000000000119e5b                xsh_memstat
 .text          0x000000000011a08a      0x27a binaries/xsh_mklfs.o
                0x000000000011a08a                xsh_mklfs
 .text          0x000000000011a304      0x254 binaries/xsh_msr.o
                0x000000000011a304                xsh_msr
 .text          0x000000000011a558      0x248 binaries/xsh_netstat.o
                0x000000000011a558                xsh_netstat
 .text          0x000000000011a7a0      0x3cd binaries/xsh_ping.o
                0x000000000011a7a0                xsh_ping
 .text          0x000000000011ab6d      0x1e4 binaries/xsh_ps.o
                0x000000000011ab6d                xsh_ps
 .text          0x000000000011ad51       0x5b binaries/xsh_reboot.o
                0x000000000011ad51                xsh_reboot
 .text          0x000000000011adac       0xc9 binaries/xsh_rename.o
                0x000000000011adac                xsh_rename
 .text          0x000000000011ae75      0x103 binaries/xsh_rm.o
                0x000000000011ae75                xsh_rm
 .text          0x000000000011af78      0x2b4 binaries/xsh_sleep.o
                0x000000000011af78                xsh_sleep
 .text          0x000000000011b22c      0x111 binaries/xsh_ss.o
                0x000000000011b22c                xsh_ss
 .text          0x000000000011b33d      0x2bf binaries/xsh_sum.o
                0x000000000011b33d                xsh_sum
 .text          0x000000000011b5fc      0x35e binaries/xsh_tail.o
                0x000000000011b6a1                xsh_tail
 .text          0x000000000011b95a     0x1302 binaries/xsh_tftp.o
                0x000000000011bd2c                xsh_tftp
 .text          0x000000000011cc5c      0x4d0 binaries/xsh_tsetjmp.o
                0x000000000011cc5c                getans
                0x000000000011cf55                xsh_tsetjmp
 .text          0x000000000011d12c      0x224 binaries/xsh_udpdump.o
                0x000000000011d12c                xsh_udpdump
 .text          0x000000000011d350      0x48a binaries/xsh_udpecho.o
                0x000000000011d350                xsh_udpecho
 .text          0x000000000011d7da      0x279 binaries/xsh_udpeserver.o
                0x000000000011d7da                xsh_udpeserver
 .text          0x000000000011da53      0x317 binaries/xsh_uptime.o
                0x000000000011da53                xsh_uptime
 .text          0x000000000011dd6a        0xe binaries/clkdisp.o
                0x000000000011dd6a                clkdisp
 .text          0x000000000011dd78       0x19 binaries/ctxsw.o
                0x000000000011dd78                ctxsw
 .text          0x000000000011dd91      0x380 binaries/intr.o
                0x000000000011dd91                getcr0
                0x000000000011dd95                getcr3
                0x000000000011dd99                reboot
                0x000000000011dda9                disable
                0x000000000011ddb2                restore
                0x000000000011ddc0                enable
                0x000000000011ddc2                pause
                0x000000000011ddc9                halt
                0x000000000011ddcc                spurious_irq7
                0x000000000011ddd1                spurious_irq15
                0x000000000011dde0                _Xint0
                0x000000000011ddeb                _Xint1
                0x000000000011ddf6                _Xint2
                0x000000000011de01                _Xint3
                0x000000000011de0c                _Xint4
                0x000000000011de17                _Xint5
                0x000000000011de22                _Xint6
                0x000000000011de2d                _Xint7
                0x000000000011de38                _Xint8
                0x000000000011de43                _Xint9
                0x000000000011de4e                _Xint10
                0x000000000011de59                _Xint11
                0x000000000011de67                _Xint12
                0x000000000011de75                _Xint13
                0x000000000011de83                _Xint14
                0x000000000011de91                _Xint15
                0x000000000011de9f                _Xint16
                0x000000000011dead                _Xint17
                0x000000000011debb                _Xint18
                0x000000000011dec9                _Xint19
                0x000000000011ded7                _Xint20
                0x000000000011dee5                _Xint21
                0x000000000011def3                _Xint22
                0x000000000011df01                _Xint23
                0x000000000011df0f                _Xint24
                0x000000000011df1d                _Xint25
                0x000000000011df2b                _Xint26
                0x000000000011df39                _Xint27
                0x000000000011df47                _Xint28
                0x000000000011df55                _Xint29
                0x000000000011df63                _Xint30
                0x000000000011df71                _Xint31
                0x000000000011df7f                _Xint32
                0x000000000011df8d                _Xint33
                0x000000000011df9b                _Xint34
                0x000000000011dfa9                _Xint35
                0x000000000011dfb7                _Xint36
                0x000000000011dfc5                _Xint37
                0x000000000011dfd3                _Xint38
                0x000000000011dfe1                _Xint39
                0x000000000011dfef                _Xint40
                0x000000000011dffd                _Xint41
                0x000000000011e00b                _Xint42
                0x000000000011e019                _Xint43
                0x000000000011e027                _Xint44
                0x000000000011e035                _Xint45
                0x000000000011e043                _Xint46
                0x000000000011e051                defevec
 .text          0x000000000011e111       0x3a binaries/setjmp.o
                0x000000000011e111                setjmp
                0x000000000011e130                longjmp
 .text          0x000000000011e14b        0xf binaries/ttydispatch.o
                0x000000000011e14b                ttydispatch
 .text          0x000000000011e15a       0x13 binaries/ethdispatch.o
                0x000000000011e15a                ethdispatch
 *(.rodata .rodata.*)
 .rodata.str1.1
                0x000000000011e16d       0x54 binaries/ascdate.o
 *fill*         0x000000000011e1c1        0x3 
 .rodata.str1.4
                0x000000000011e1c4       0x22 binaries/ascdate.o
 .rodata.str1.1
                0x000000000011e1e6       0xb7 binaries/conf.o
 *fill*         0x000000000011e29d        0x3 
 .rodata.str1.4
                0x000000000011e2a0       0x4f binaries/early_imr.o
 *fill*         0x000000000011e2ef        0x1 
 .rodata        0x000000000011e2f0       0x33 binaries/early_imr.o
 .rodata.str1.1
                0x000000000011e323      0x20e binaries/evec.o
 *fill*         0x000000000011e531        0x3 
 .rodata.str1.4
                0x000000000011e534       0x23 binaries/evec.o
 .rodata.str1.1
                0x000000000011e557       0x55 binaries/getutime.o
 .rodata.str1.4
                0x000000000011e5ac       0x73 binaries/getutime.o
 *fill*         0x000000000011e61f        0x1 
 .rodata        0x000000000011e620       0x80 binaries/gpio_i2c.o
 .rodata.str1.1
                0x000000000011e6a0       0x63 binaries/initialize.o
                                         0x67 (size before relaxing)
 *fill*         0x000000000011e703        0x1 
 .rodata.str1.4
                0x000000000011e704       0xd0 binaries/initialize.o
 .rodata        0x000000000011e7d4       0x20 binaries/kill.o
 .rodata.str1.1
                0x000000000011e7f4       0x63 binaries/main.o
                                          0x6 (size before relaxing)
 .rodata.str1.4
                0x000000000011e7f4       0x22 binaries/main.o
 *fill*         0x000000000011e816        0x2 
 .rodata.str1.4
                0x000000000011e818       0x23 binaries/meminit.o
 .rodata.str1.1
                0x000000000011e83b       0x1b binaries/meminit.o
 .rodata.str1.1
                0x000000000011e856        0xf binaries/panic.o
 .rodata.str1.1
                0x000000000011e865       0x1c binaries/ptinit.o
 *fill*         0x000000000011e881        0x3 
 .rodata.str1.4
                0x000000000011e884       0x25 binaries/ptsend.o
 .rodata.str1.1
                0x000000000011e8a9       0x22 binaries/quark_pdat.o
 .rodata.str1.1
                0x000000000011e8cb       0x22 binaries/showmema.o
                                          0x2 (size before relaxing)
 *fill*         0x000000000011e8cb        0x1 
 .rodata.str1.4
                0x000000000011e8cc       0x8b binaries/showmema.o
 *fill*         0x000000000011e957        0x1 
 .rodata.str1.4
                0x000000000011e958       0x63 binaries/stacktrace.o
 .rodata.str1.1
                0x000000000011e9bb       0x52 binaries/stacktrace.o
 *fill*         0x000000000011ea0d        0x3 
 .rodata.str1.4
                0x000000000011ea10       0x27 binaries/xdone.o
 *fill*         0x000000000011ea37        0x9 
 .rodata        0x000000000011ea40       0x81 binaries/ctype_.o
                0x000000000011ea40                _ctype_
 .rodata.str1.1
                0x000000000011eac1       0x29 binaries/doprnt.o
 *fill*         0x000000000011eaea        0x2 
 .rodata        0x000000000011eaec       0xc4 binaries/doprnt.o
 .rodata        0x000000000011ebb0       0x98 binaries/doscan.o
 .rodata.str1.1
                0x000000000011ec48       0x29 binaries/fdoprnt.o
 .rodata        0x000000000011ec48       0x84 binaries/fdoprnt.o
 .rodata.str1.1
                0x000000000011eccc       0x29 binaries/strtok.o
                                          0x1 (size before relaxing)
 *fill*         0x000000000011eccc       0x14 
 .rodata        0x000000000011ece0       0x65 binaries/xstoul.o
 *fill*         0x000000000011ed45        0x3 
 .rodata        0x000000000011ed48       0x20 binaries/ttycontrol.o
 .rodata.str1.4
                0x000000000011ed68       0x4c binaries/naminit.o
 .rodata.str1.1
                0x000000000011edb4       0x32 binaries/naminit.o
                                         0x35 (size before relaxing)
 .rodata.str1.1
                0x000000000011ede6       0x15 binaries/ethinit.o
 *fill*         0x000000000011edfb        0x1 
 .rodata.str1.4
                0x000000000011edfc       0x2e binaries/ethinit.o
 *fill*         0x000000000011ee2a        0x2 
 .rodata.str1.4
                0x000000000011ee2c       0x2c binaries/rdsbufalloc.o
 .rodata.str1.4
                0x000000000011ee58       0x76 binaries/rdscomm.o
 *fill*         0x000000000011eece        0x2 
 .rodata.str1.4
                0x000000000011eed0       0x48 binaries/rdscontrol.o
 .rodata.str1.4
                0x000000000011ef18       0x7e binaries/rdsinit.o
 .rodata.str1.1
                0x000000000011ef96       0x18 binaries/rdsinit.o
 *fill*         0x000000000011efae        0x2 
 .rodata.str1.4
                0x000000000011efb0       0x22 binaries/rdsopen.o
 *fill*         0x000000000011efd2        0x2 
 .rodata.str1.4
                0x000000000011efd4       0x4d binaries/rdsprocess.o
 .rodata.str1.1
                0x000000000011f021        0x9 binaries/raminit.o
 .rodata.str1.1
                0x000000000011f02a       0x13 binaries/lfdballoc.o
 *fill*         0x000000000011f03d        0x3 
 .rodata.str1.4
                0x000000000011f040       0x23 binaries/lfdballoc.o
 .rodata.str1.1
                0x000000000011f063       0x14 binaries/lfiballoc.o
 *fill*         0x000000000011f077        0x1 
 .rodata.str1.4
                0x000000000011f078       0x23 binaries/lflcontrol.o
 .rodata.str1.1
                0x000000000011f09b       0x64 binaries/lfsckfmt.o
 *fill*         0x000000000011f0ff        0x1 
 .rodata.str1.4
                0x000000000011f100       0x51 binaries/lfsckfmt.o
 *fill*         0x000000000011f151        0x3 
 .rodata.str1.4
                0x000000000011f154       0x21 binaries/rflread.o
 .rodata.str1.4
                0x000000000011f175       0x21 binaries/rflwrite.o
 *fill*         0x000000000011f175        0x3 
 .rodata.str1.4
                0x000000000011f178       0x75 binaries/rfscomm.o
 *fill*         0x000000000011f1ed        0x3 
 .rodata.str1.4
                0x000000000011f1f0       0x23 binaries/rfscontrol.o
 *fill*         0x000000000011f213        0x1 
 .rodata        0x000000000011f214       0x1c binaries/rfscontrol.o
 .rodata.str1.1
                0x000000000011f230       0x33 binaries/rfsinit.o
 *fill*         0x000000000011f263        0x1 
 .rodata.str1.4
                0x000000000011f264       0x57 binaries/rfsinit.o
 *fill*         0x000000000011f2bb        0x1 
 .rodata.str1.4
                0x000000000011f2bc       0x2a binaries/rfsndmsg.o
 .rodata.str1.4
                0x000000000011f2e6       0x22 binaries/rfsopen.o
 .rodata.str1.1
                0x000000000011f2e6        0xe binaries/uechoinit.o
 .rodata.str1.4
                0x000000000011f2f4       0x27 binaries/uechoinit.o
 .rodata.str1.1
                0x000000000011f31b       0x19 binaries/arp.o
 .rodata.str1.4
                0x000000000011f334       0x21 binaries/arp.o
 *fill*         0x000000000011f355        0x3 
 .rodata.str1.4
                0x000000000011f358       0xa6 binaries/dhcp.o
 .rodata.str1.1
                0x000000000011f3fe       0x74 binaries/dhcp.o
 *fill*         0x000000000011f472        0x2 
 .rodata        0x000000000011f474       0xd8 binaries/dhcp.o
 .rodata.str1.1
                0x000000000011f54c       0x5a binaries/hexdump.o
                                         0x61 (size before relaxing)
 *fill*         0x000000000011f5a6        0x2 
 .rodata.str1.4
                0x000000000011f5a8       0x67 binaries/hexdump.o
 *fill*         0x000000000011f60f        0x1 
 .rodata.str1.4
                0x000000000011f610       0x29 binaries/icmp.o
 .rodata.str1.1
                0x000000000011f639       0x4e binaries/ip.o
 *fill*         0x000000000011f687        0x1 
 .rodata.str1.4
                0x000000000011f688       0x20 binaries/ip.o
 .rodata.str1.4
                0x000000000011f6a8       0x28 binaries/net.o
 .rodata.str1.1
                0x000000000011f6d0       0x35 binaries/net.o
 *fill*         0x000000000011f705        0x3 
 .rodata.str1.4
                0x000000000011f708       0xdb binaries/netstart.o
 .rodata.str1.1
                0x000000000011f7e3      0x13f binaries/pdump.o
                                        0x14b (size before relaxing)
 *fill*         0x000000000011f922        0x2 
 .rodata.str1.4
                0x000000000011f924      0x126 binaries/pdump.o
 *fill*         0x000000000011fa4a        0x2 
 .rodata.str1.4
                0x000000000011fa4c      0x148 binaries/tftp.o
 .rodata.str1.1
                0x000000000011fb94        0x6 binaries/tftp.o
                                          0xa (size before relaxing)
 *fill*         0x000000000011fb9a        0x2 
 .rodata.str1.4
                0x000000000011fb9c       0x44 binaries/udp.o
 .rodata.str1.1
                0x000000000011fbe0      0x14d binaries/shell.o
                                        0x16a (size before relaxing)
 *fill*         0x000000000011fd2d        0x3 
 .rodata.str1.4
                0x000000000011fd30      0x1eb binaries/shell.o
 .rodata.str1.1
                0x000000000011ff1b       0x26 binaries/xsh_argecho.o
                                         0x28 (size before relaxing)
 .rodata.str1.1
                0x000000000011ff41       0x70 binaries/xsh_arp.o
                                         0x72 (size before relaxing)
 *fill*         0x000000000011ffb1        0x3 
 .rodata.str1.4
                0x000000000011ffb4       0xb4 binaries/xsh_arp.o
 .rodata.str1.1
                0x0000000000120068      0x251 binaries/xsh_basic.o
                                        0x26a (size before relaxing)
 *fill*         0x00000000001202b9        0x3 
 .rodata.str1.4
                0x00000000001202bc       0x58 binaries/xsh_basic.o
 .rodata        0x0000000000120314      0x1db binaries/xsh_basic.o
 .rodata.str1.1
                0x00000000001204ef       0x39 binaries/xsh_blink.o
                                         0x46 (size before relaxing)
 .rodata.str1.4
                0x0000000000120528      0x119 binaries/xsh_blink.o
 .rodata.str1.1
                0x0000000000120641      0x186 binaries/xsh_blinkled.o
                                        0x19e (size before relaxing)
 *fill*         0x00000000001207c7        0x1 
 .rodata.str1.4
                0x00000000001207c8       0xab binaries/xsh_blinkled.o
                                        0x1c7 (size before relaxing)
 .rodata.str1.1
                0x0000000000120873       0x2d binaries/xsh_cat.o
                                         0x5b (size before relaxing)
 .rodata.str1.4
                0x00000000001208a0       0x52 binaries/xsh_cat.o
                                         0x79 (size before relaxing)
 .rodata.str1.1
                0x00000000001208f2       0x15 binaries/xsh_clear.o
 .rodata.str1.1
                0x0000000000120907       0x89 binaries/xsh_cp.o
                                         0xb3 (size before relaxing)
 .rodata.str1.4
                0x0000000000120990       0x2c binaries/xsh_cp.o
                                         0x51 (size before relaxing)
 .rodata.str1.1
                0x00000000001209bc       0x46 binaries/xsh_date.o
                                         0x5f (size before relaxing)
 *fill*         0x0000000000120a02        0x2 
 .rodata.str1.4
                0x0000000000120a04      0x163 binaries/xsh_date.o
 .rodata.str1.1
                0x0000000000120b67       0x5d binaries/xsh_devdump.o
 .rodata.str1.1
                0x0000000000120bc4       0x52 binaries/xsh_dine.o
                                         0x5b (size before relaxing)
 *fill*         0x0000000000120c16        0x2 
 .rodata.str1.4
                0x0000000000120c18       0xe5 binaries/xsh_dine.o
 .rodata.str1.1
                0x0000000000120cfd      0x247 binaries/xsh_e0.o
                                        0x263 (size before relaxing)
 .rodata.str1.4
                0x0000000000120f44      0x553 binaries/xsh_e0.o
                                        0x573 (size before relaxing)
 *fill*         0x0000000000121497        0x1 
 .rodata        0x0000000000121498      0x1a0 binaries/xsh_e0.o
 .rodata.str1.1
                0x0000000000121638        0x4 binaries/xsh_echo.o
                                          0x9 (size before relaxing)
 .rodata.str1.1
                0x000000000012163c       0x65 binaries/xsh_help.o
                                         0xa3 (size before relaxing)
 *fill*         0x00000000001216a1        0x3 
 .rodata.str1.4
                0x00000000001216a4       0x7c binaries/xsh_help.o
                                         0xc6 (size before relaxing)
 .rodata.str1.1
                0x0000000000121720       0xf5 binaries/xsh_ipaddr.o
                                        0x152 (size before relaxing)
 *fill*         0x0000000000121815        0x3 
 .rodata.str1.4
                0x0000000000121818       0x4d binaries/xsh_ipaddr.o
                                         0x99 (size before relaxing)
 .rodata.str1.1
                0x0000000000121865       0x78 binaries/xsh_kill.o
                                         0x97 (size before relaxing)
 *fill*         0x00000000001218dd        0x3 
 .rodata.str1.4
                0x00000000001218e0       0x4a binaries/xsh_kill.o
                                         0x96 (size before relaxing)
 .rodata.str1.1
                0x000000000012192a       0x97 binaries/xsh_ls.o
                                         0xb0 (size before relaxing)
 *fill*         0x00000000001219c1        0x3 
 .rodata.str1.4
                0x00000000001219c4      0x120 binaries/xsh_ls.o
 .rodata.str1.1
                0x0000000000121ae4       0x76 binaries/xsh_memdump.o
                                         0x9d (size before relaxing)
 *fill*         0x0000000000121b5a        0x2 
 .rodata.str1.4
                0x0000000000121b5c      0x185 binaries/xsh_memdump.o
                                        0x1ad (size before relaxing)
 .rodata.str1.1
                0x0000000000121ce1       0x40 binaries/xsh_memstat.o
                                         0x79 (size before relaxing)
 *fill*         0x0000000000121d21        0x3 
 .rodata.str1.4
                0x0000000000121d24      0x187 binaries/xsh_memstat.o
                                        0x1af (size before relaxing)
 .rodata.str1.1
                0x0000000000121eab       0x37 binaries/xsh_mklfs.o
                                         0x5e (size before relaxing)
 *fill*         0x0000000000121ee2        0x2 
 .rodata.str1.4
                0x0000000000121ee4      0x253 binaries/xsh_mklfs.o
 .rodata.str1.1
                0x0000000000122137       0xbc binaries/xsh_msr.o
                                         0xc5 (size before relaxing)
 *fill*         0x00000000001221f3        0x1 
 .rodata.str1.4
                0x00000000001221f4       0xe6 binaries/xsh_msr.o
 .rodata.str1.1
                0x00000000001222da       0x2c binaries/xsh_netstat.o
                                         0x67 (size before relaxing)
 *fill*         0x0000000000122306        0x2 
 .rodata.str1.4
                0x0000000000122308       0xc8 binaries/xsh_netstat.o
                                        0x118 (size before relaxing)
 .rodata.str1.1
                0x00000000001223d0       0xbc binaries/xsh_ping.o
                                         0xdb (size before relaxing)
 .rodata.str1.4
                0x000000000012248c       0x77 binaries/xsh_ping.o
                                         0xc6 (size before relaxing)
 .rodata.str1.1
                0x0000000000122503       0x74 binaries/xsh_ps.o
                                         0xd5 (size before relaxing)
 *fill*         0x0000000000122577        0x1 
 .rodata.str1.4
                0x0000000000122578       0x80 binaries/xsh_ps.o
                                         0xd0 (size before relaxing)
 .rodata.str1.4
                0x00000000001225f8       0x25 binaries/xsh_reboot.o
 .rodata.str1.1
                0x000000000012261d       0x27 binaries/xsh_reboot.o
 .rodata.str1.1
                0x0000000000122644       0x18 binaries/xsh_rename.o
                                         0x2b (size before relaxing)
 .rodata.str1.4
                0x000000000012265c       0x25 binaries/xsh_rename.o
 .rodata.str1.1
                0x0000000000122681       0x3d binaries/xsh_rm.o
                                         0x68 (size before relaxing)
 .rodata.str1.4
                0x00000000001226be       0x25 binaries/xsh_rm.o
 .rodata.str1.1
                0x00000000001226be       0x49 binaries/xsh_sleep.o
                                         0x70 (size before relaxing)
 *fill*         0x0000000000122707        0x1 
 .rodata.str1.4
                0x0000000000122708       0x76 binaries/xsh_sleep.o
                                         0x9e (size before relaxing)
 .rodata.str1.1
                0x000000000012277e       0x13 binaries/xsh_ss.o
                                         0x40 (size before relaxing)
 *fill*         0x0000000000122791        0x3 
 .rodata.str1.4
                0x0000000000122794      0x117 binaries/xsh_ss.o
 .rodata.str1.1
                0x00000000001228ab       0x34 binaries/xsh_sum.o
                                         0x61 (size before relaxing)
 *fill*         0x00000000001228df        0x1 
 .rodata.str1.4
                0x00000000001228e0       0x6f binaries/xsh_sum.o
                                         0xbf (size before relaxing)
 .rodata.str1.1
                0x000000000012294f       0x38 binaries/xsh_tail.o
                                         0x42 (size before relaxing)
 *fill*         0x0000000000122987        0x1 
 .rodata.str1.4
                0x0000000000122988       0x70 binaries/xsh_tail.o
 .rodata.str1.1
                0x00000000001229f8      0x1e2 binaries/xsh_tftp.o
                                        0x212 (size before relaxing)
 *fill*         0x0000000000122bda        0x2 
 .rodata.str1.4
                0x0000000000122bdc      0x343 binaries/xsh_tftp.o
                                        0x36b (size before relaxing)
 .rodata.str1.1
                0x0000000000122f1f       0xa6 binaries/xsh_tsetjmp.o
                                         0xda (size before relaxing)
 *fill*         0x0000000000122fc5        0x3 
 .rodata.str1.4
                0x0000000000122fc8      0x36b binaries/xsh_tsetjmp.o
 .rodata.str1.1
                0x0000000000123333       0x6b binaries/xsh_udpdump.o
                                         0xd2 (size before relaxing)
 *fill*         0x000000000012339e        0x2 
 .rodata.str1.4
                0x00000000001233a0       0x94 binaries/xsh_udpdump.o
                                         0xe4 (size before relaxing)
 .rodata.str1.1
                0x0000000000123434       0xdb binaries/xsh_udpecho.o
                                         0xfa (size before relaxing)
 *fill*         0x000000000012350f        0x1 
 .rodata.str1.4
                0x0000000000123510       0xc7 binaries/xsh_udpecho.o
                                        0x116 (size before relaxing)
 .rodata.str1.1
                0x00000000001235d7       0x66 binaries/xsh_udpeserver.o
                                         0x8f (size before relaxing)
 *fill*         0x000000000012363d        0x3 
 .rodata.str1.4
                0x0000000000123640       0x29 binaries/xsh_udpeserver.o
                                         0x9f (size before relaxing)
 .rodata.str1.1
                0x0000000000123669       0x74 binaries/xsh_uptime.o
                                         0xbb (size before relaxing)
 *fill*         0x00000000001236dd        0x3 
 .rodata.str1.4
                0x00000000001236e0       0x28 binaries/xsh_uptime.o
                                         0x76 (size before relaxing)
                0x0000000000123708                etext = ABSOLUTE (.)
                0x0000000000124000                . = ALIGN (0x1000)
 *fill*         0x0000000000123708      0x8f8 

.eh_frame       0x0000000000124000     0x4a10
 .eh_frame      0x0000000000124000       0x5c binaries/ascdate.o
 .eh_frame      0x000000000012405c       0x34 binaries/bufinit.o
                                         0x4c (size before relaxing)
 .eh_frame      0x0000000000124090       0x44 binaries/chprio.o
                                         0x5c (size before relaxing)
 .eh_frame      0x00000000001240d4       0x28 binaries/clkhandler.o
                                         0x54 (size before relaxing)
 .eh_frame      0x00000000001240fc       0x24 binaries/clkinit.o
                                         0x50 (size before relaxing)
 .eh_frame      0x0000000000124120       0x30 binaries/close.o
                                         0x5c (size before relaxing)
 .eh_frame      0x0000000000124150       0x30 binaries/control.o
                                         0x5c (size before relaxing)
 .eh_frame      0x0000000000124180       0x30 binaries/create.o
                                         0x5c (size before relaxing)
 .eh_frame      0x00000000001241b0       0xa4 binaries/early_imr.o
                                         0xd0 (size before relaxing)
 .eh_frame      0x0000000000124254       0xb0 binaries/evec.o
                                         0xdc (size before relaxing)
 .eh_frame      0x0000000000124304       0x24 binaries/exit.o
                                         0x50 (size before relaxing)
 .eh_frame      0x0000000000124328       0x30 binaries/freebuf.o
                                         0x5c (size before relaxing)
 .eh_frame      0x0000000000124358       0x30 binaries/freemem.o
                                         0x5c (size before relaxing)
 .eh_frame      0x0000000000124388       0x30 binaries/getbuf.o
                                         0x5c (size before relaxing)
 .eh_frame      0x00000000001243b8       0x30 binaries/getc.o
                                         0x5c (size before relaxing)
 .eh_frame      0x00000000001243e8       0x2c binaries/getdev.o
                                         0x58 (size before relaxing)
 .eh_frame      0x0000000000124414       0x84 binaries/getitem.o
                                         0xb0 (size before relaxing)
 .eh_frame      0x0000000000124498       0x2c binaries/getmem.o
                                         0x58 (size before relaxing)
 .eh_frame      0x00000000001244c4       0x20 binaries/getpid.o
                                         0x4c (size before relaxing)
 .eh_frame      0x00000000001244e4       0x2c binaries/getprio.o
                                         0x58 (size before relaxing)
 .eh_frame      0x0000000000124510       0x30 binaries/getstk.o
                                         0x5c (size before relaxing)
 .eh_frame      0x0000000000124540       0x28 binaries/gettime.o
                                         0x54 (size before relaxing)
 .eh_frame      0x0000000000124568       0x30 binaries/getutime.o
                                         0x5c (size before relaxing)
 .eh_frame      0x0000000000124598      0x378 binaries/gpio_i2c.o
                                        0x3b8 (size before relaxing)
 .eh_frame      0x0000000000124910       0x30 binaries/init.o
                                         0x5c (size before relaxing)
 .eh_frame      0x0000000000124940       0x5c binaries/initialize.o
                                         0x88 (size before relaxing)
 .eh_frame      0x000000000012499c       0x30 binaries/insert.o
                                         0x5c (size before relaxing)
 .eh_frame      0x00000000001249cc       0x30 binaries/insertd.o
                                         0x5c (size before relaxing)
 .eh_frame      0x00000000001249fc       0x20 binaries/ioerr.o
                                         0x38 (size before relaxing)
 .eh_frame      0x0000000000124a1c       0x20 binaries/ionull.o
                                         0x38 (size before relaxing)
 .eh_frame      0x0000000000124a3c       0x30 binaries/kill.o
                                         0x5c (size before relaxing)
 .eh_frame      0x0000000000124a6c       0x6c binaries/kprintf.o
                                         0xac (size before relaxing)
 .eh_frame      0x0000000000124ad8       0x30 binaries/main.o
                                         0x5c (size before relaxing)
 .eh_frame      0x0000000000124b08       0x54 binaries/mark.o
                                         0x80 (size before relaxing)
 .eh_frame      0x0000000000124b5c       0x54 binaries/meminit.o
                                         0x80 (size before relaxing)
 .eh_frame      0x0000000000124bb0       0x30 binaries/mkbufpool.o
                                         0x5c (size before relaxing)
 .eh_frame      0x0000000000124be0       0x24 binaries/netup.o
                                         0x50 (size before relaxing)
 .eh_frame      0x0000000000124c04       0x24 binaries/newqueue.o
                                         0x50 (size before relaxing)
 .eh_frame      0x0000000000124c28       0x30 binaries/open.o
                                         0x5c (size before relaxing)
 .eh_frame      0x0000000000124c58       0x1c binaries/panic.o
                                         0x48 (size before relaxing)
 .eh_frame      0x0000000000124c74      0x134 binaries/pci.o
                                        0x14c (size before relaxing)
 .eh_frame      0x0000000000124da8       0x48 binaries/platinit.o
                                         0x74 (size before relaxing)
 .eh_frame      0x0000000000124df0       0x30 binaries/ptclear.o
                                         0x5c (size before relaxing)
 .eh_frame      0x0000000000124e20       0x30 binaries/ptcount.o
                                         0x5c (size before relaxing)
 .eh_frame      0x0000000000124e50       0x30 binaries/ptcreate.o
                                         0x5c (size before relaxing)
 .eh_frame      0x0000000000124e80       0x30 binaries/ptdelete.o
                                         0x5c (size before relaxing)
 .eh_frame      0x0000000000124eb0       0x30 binaries/ptinit.o
                                         0x5c (size before relaxing)
 .eh_frame      0x0000000000124ee0       0x30 binaries/ptrecv.o
                                         0x5c (size before relaxing)
 .eh_frame      0x0000000000124f10       0x30 binaries/ptreset.o
                                         0x5c (size before relaxing)
 .eh_frame      0x0000000000124f40       0x30 binaries/ptsend.o
                                         0x5c (size before relaxing)
 .eh_frame      0x0000000000124f70       0x30 binaries/putc.o
                                         0x5c (size before relaxing)
 .eh_frame      0x0000000000124fa0       0x2c binaries/quark_irq.o
                                         0x58 (size before relaxing)
 .eh_frame      0x0000000000124fcc       0x5c binaries/quark_pdat.o
                                         0x88 (size before relaxing)
 .eh_frame      0x0000000000125028       0x54 binaries/queue.o
                                         0x80 (size before relaxing)
 .eh_frame      0x000000000012507c       0x30 binaries/read.o
                                         0x5c (size before relaxing)
 .eh_frame      0x00000000001250ac       0x28 binaries/ready.o
                                         0x54 (size before relaxing)
 .eh_frame      0x00000000001250d4       0x30 binaries/receive.o
                                         0x5c (size before relaxing)
 .eh_frame      0x0000000000125104       0x30 binaries/recvclr.o
                                         0x5c (size before relaxing)
 .eh_frame      0x0000000000125134       0x30 binaries/recvtime.o
                                         0x5c (size before relaxing)
 .eh_frame      0x0000000000125164       0x2c binaries/remove.o
                                         0x58 (size before relaxing)
 .eh_frame      0x0000000000125190       0x2c binaries/rename.o
                                         0x58 (size before relaxing)
 .eh_frame      0x00000000001251bc       0x58 binaries/resched.o
                                         0x98 (size before relaxing)
 .eh_frame      0x0000000000125214       0x30 binaries/resume.o
                                         0x5c (size before relaxing)
 .eh_frame      0x0000000000125244       0x30 binaries/seek.o
                                         0x5c (size before relaxing)
 .eh_frame      0x0000000000125274       0x2c binaries/semcount.o
                                         0x58 (size before relaxing)
 .eh_frame      0x00000000001252a0       0x30 binaries/semcreate.o
                                         0x5c (size before relaxing)
 .eh_frame      0x00000000001252d0       0x30 binaries/semdelete.o
                                         0x5c (size before relaxing)
 .eh_frame      0x0000000000125300       0x2c binaries/semreset.o
                                         0x58 (size before relaxing)
 .eh_frame      0x000000000012532c       0x30 binaries/send.o
                                         0x5c (size before relaxing)
 .eh_frame      0x000000000012535c       0x2c binaries/showmema.o
                                         0x58 (size before relaxing)
 .eh_frame      0x0000000000125388       0x30 binaries/signal.o
                                         0x5c (size before relaxing)
 .eh_frame      0x00000000001253b8       0x2c binaries/signaln.o
                                         0x58 (size before relaxing)
 .eh_frame      0x00000000001253e4       0x54 binaries/sleep.o
                                         0x80 (size before relaxing)
 .eh_frame      0x0000000000125438       0x20 binaries/ssignal.o
                                         0x38 (size before relaxing)
 .eh_frame      0x0000000000125458       0x30 binaries/stacktrace.o
                                         0x5c (size before relaxing)
 .eh_frame      0x0000000000125488       0x30 binaries/suspend.o
                                         0x5c (size before relaxing)
 .eh_frame      0x00000000001254b8       0x20 binaries/swait.o
                                         0x38 (size before relaxing)
 .eh_frame      0x00000000001254d8       0x30 binaries/unsleep.o
                                         0x5c (size before relaxing)
 .eh_frame      0x0000000000125508       0x24 binaries/userret.o
                                         0x50 (size before relaxing)
 .eh_frame      0x000000000012552c       0x30 binaries/wait.o
                                         0x5c (size before relaxing)
 .eh_frame      0x000000000012555c       0x2c binaries/wakeup.o
                                         0x58 (size before relaxing)
 .eh_frame      0x0000000000125588       0x30 binaries/write.o
                                         0x5c (size before relaxing)
 .eh_frame      0x00000000001255b8       0x24 binaries/xdone.o
                                         0x50 (size before relaxing)
 .eh_frame      0x00000000001255dc       0x28 binaries/yield.o
                                         0x54 (size before relaxing)
 .eh_frame      0x0000000000125604       0x20 binaries/abs.o
                                         0x38 (size before relaxing)
 .eh_frame      0x0000000000125624       0x2c binaries/atoi.o
                                         0x44 (size before relaxing)
 .eh_frame      0x0000000000125650       0x2c binaries/atol.o
                                         0x44 (size before relaxing)
 .eh_frame      0x000000000012567c       0x20 binaries/bzero.o
                                         0x38 (size before relaxing)
 .eh_frame      0x000000000012569c       0xc0 binaries/doprnt.o
                                        0x100 (size before relaxing)
 .eh_frame      0x000000000012575c       0x30 binaries/doscan.o
                                         0x5c (size before relaxing)
 .eh_frame      0x000000000012578c       0x60 binaries/fdoprnt.o
                                         0x8c (size before relaxing)
 .eh_frame      0x00000000001257ec       0x28 binaries/fgetc.o
                                         0x54 (size before relaxing)
 .eh_frame      0x0000000000125814       0x30 binaries/fgets.o
                                         0x5c (size before relaxing)
 .eh_frame      0x0000000000125844       0x4c binaries/fprintf.o
                                         0x78 (size before relaxing)
 .eh_frame      0x0000000000125890       0x28 binaries/fputc.o
                                         0x54 (size before relaxing)
 .eh_frame      0x00000000001258b8       0x30 binaries/fputs.o
                                         0x5c (size before relaxing)
 .eh_frame      0x00000000001258e8       0x6c binaries/fscanf.o
                                         0x98 (size before relaxing)
 .eh_frame      0x0000000000125954       0x24 binaries/getchar.o
                                         0x50 (size before relaxing)
 .eh_frame      0x0000000000125978       0x24 binaries/isatty.o
                                         0x50 (size before relaxing)
 .eh_frame      0x000000000012599c       0x20 binaries/isdigit.o
                                         0x38 (size before relaxing)
 .eh_frame      0x00000000001259bc       0x20 binaries/labs.o
                                         0x38 (size before relaxing)
 .eh_frame      0x00000000001259dc       0x24 binaries/memchr.o
                                         0x3c (size before relaxing)
 .eh_frame      0x0000000000125a00       0x2c binaries/memcmp.o
                                         0x44 (size before relaxing)
 .eh_frame      0x0000000000125a2c       0x28 binaries/memcpy.o
                                         0x40 (size before relaxing)
 .eh_frame      0x0000000000125a54       0x24 binaries/memset.o
                                         0x3c (size before relaxing)
 .eh_frame      0x0000000000125a78       0x4c binaries/printf.o
                                         0x78 (size before relaxing)
 .eh_frame      0x0000000000125ac4       0x24 binaries/putchar.o
                                         0x50 (size before relaxing)
 .eh_frame      0x0000000000125ae8       0x30 binaries/qsort.o
                                         0x5c (size before relaxing)
 .eh_frame      0x0000000000125b18       0x40 binaries/rand.o
                                         0x80 (size before relaxing)
 .eh_frame      0x0000000000125b58       0x4c binaries/sprintf.o
                                         0x78 (size before relaxing)
 .eh_frame      0x0000000000125ba4       0x68 binaries/sscanf.o
                                         0x94 (size before relaxing)
 .eh_frame      0x0000000000125c0c       0x24 binaries/strcat.o
                                         0x3c (size before relaxing)
 .eh_frame      0x0000000000125c30       0x28 binaries/strchr.o
                                         0x40 (size before relaxing)
 .eh_frame      0x0000000000125c58       0x28 binaries/strcmp.o
                                         0x40 (size before relaxing)
 .eh_frame      0x0000000000125c80       0x24 binaries/strcpy.o
                                         0x3c (size before relaxing)
 .eh_frame      0x0000000000125ca4       0x20 binaries/strlen.o
                                         0x38 (size before relaxing)
 .eh_frame      0x0000000000125cc4       0x28 binaries/strncat.o
                                         0x40 (size before relaxing)
 .eh_frame      0x0000000000125cec       0x24 binaries/strncmp.o
                                         0x3c (size before relaxing)
 .eh_frame      0x0000000000125d10       0x30 binaries/strncpy.o
                                         0x48 (size before relaxing)
 .eh_frame      0x0000000000125d40       0x24 binaries/strnlen.o
                                         0x3c (size before relaxing)
 .eh_frame      0x0000000000125d64       0x30 binaries/strpbrk.o
                                         0x48 (size before relaxing)
 .eh_frame      0x0000000000125d94       0x28 binaries/strrchr.o
                                         0x40 (size before relaxing)
 .eh_frame      0x0000000000125dbc       0x30 binaries/strspn.o
                                         0x48 (size before relaxing)
 .eh_frame      0x0000000000125dec       0x30 binaries/strstr.o
                                         0x48 (size before relaxing)
 .eh_frame      0x0000000000125e1c       0x30 binaries/strtok.o
                                         0x5c (size before relaxing)
 .eh_frame      0x0000000000125e4c       0x2c binaries/strtol.o
                                         0x58 (size before relaxing)
 .eh_frame      0x0000000000125e78       0x2c binaries/strtoul.o
                                         0x58 (size before relaxing)
 .eh_frame      0x0000000000125ea4       0x20 binaries/tolower.o
                                         0x38 (size before relaxing)
 .eh_frame      0x0000000000125ec4       0x20 binaries/toupper.o
                                         0x38 (size before relaxing)
 .eh_frame      0x0000000000125ee4       0x30 binaries/xstoul.o
                                         0x5c (size before relaxing)
 .eh_frame      0x0000000000125f14       0x30 binaries/ttycontrol.o
                                         0x5c (size before relaxing)
 .eh_frame      0x0000000000125f44       0x30 binaries/ttygetc.o
                                         0x5c (size before relaxing)
 .eh_frame      0x0000000000125f74       0x8c binaries/ttyhandle_in.o
                                         0xb8 (size before relaxing)
 .eh_frame      0x0000000000126000       0x30 binaries/ttyhandle_out.o
                                         0x5c (size before relaxing)
 .eh_frame      0x0000000000126030       0x30 binaries/ttyhandler.o
                                         0x5c (size before relaxing)
 .eh_frame      0x0000000000126060       0x30 binaries/ttyinit.o
                                         0x5c (size before relaxing)
 .eh_frame      0x0000000000126090       0x20 binaries/ttykickout.o
                                         0x38 (size before relaxing)
 .eh_frame      0x00000000001260b0       0x30 binaries/ttyputc.o
                                         0x5c (size before relaxing)
 .eh_frame      0x00000000001260e0       0x30 binaries/ttyread.o
                                         0x5c (size before relaxing)
 .eh_frame      0x0000000000126110       0x30 binaries/ttywrite.o
                                         0x5c (size before relaxing)
 .eh_frame      0x0000000000126140       0x54 binaries/mount.o
                                         0x80 (size before relaxing)
 .eh_frame      0x0000000000126194       0x30 binaries/naminit.o
                                         0x5c (size before relaxing)
 .eh_frame      0x00000000001261c4       0xa4 binaries/nammap.o
                                         0xe4 (size before relaxing)
 .eh_frame      0x0000000000126268       0x28 binaries/namopen.o
                                         0x54 (size before relaxing)
 .eh_frame      0x0000000000126290       0x30 binaries/colon2mac.o
                                         0x5c (size before relaxing)
 .eh_frame      0x00000000001262c0       0x28 binaries/ethcontrol.o
                                         0x54 (size before relaxing)
 .eh_frame      0x00000000001262e8       0x30 binaries/ethhandler.o
                                         0x5c (size before relaxing)
 .eh_frame      0x0000000000126318       0xa4 binaries/ethinit.o
                                         0xd0 (size before relaxing)
 .eh_frame      0x00000000001263bc       0x5c binaries/ethmcast.o
                                         0x88 (size before relaxing)
 .eh_frame      0x0000000000126418       0x30 binaries/ethread.o
                                         0x5c (size before relaxing)
 .eh_frame      0x0000000000126448       0x30 binaries/ethwrite.o
                                         0x5c (size before relaxing)
 .eh_frame      0x0000000000126478       0x2c binaries/rdsbufalloc.o
                                         0x58 (size before relaxing)
 .eh_frame      0x00000000001264a4       0x30 binaries/rdsclose.o
                                         0x5c (size before relaxing)
 .eh_frame      0x00000000001264d4       0x30 binaries/rdscomm.o
                                         0x5c (size before relaxing)
 .eh_frame      0x0000000000126504       0x30 binaries/rdscontrol.o
                                         0x5c (size before relaxing)
 .eh_frame      0x0000000000126534       0x30 binaries/rdsinit.o
                                         0x5c (size before relaxing)
 .eh_frame      0x0000000000126564       0x30 binaries/rdsopen.o
                                         0x5c (size before relaxing)
 .eh_frame      0x0000000000126594       0x20 binaries/rdsprocess.o
                                         0x4c (size before relaxing)
 .eh_frame      0x00000000001265b4       0x30 binaries/rdsread.o
                                         0x5c (size before relaxing)
 .eh_frame      0x00000000001265e4       0x30 binaries/rdswrite.o
                                         0x5c (size before relaxing)
 .eh_frame      0x0000000000126614       0x20 binaries/ramclose.o
                                         0x38 (size before relaxing)
 .eh_frame      0x0000000000126634       0x28 binaries/raminit.o
                                         0x54 (size before relaxing)
 .eh_frame      0x000000000012665c       0x20 binaries/ramopen.o
                                         0x38 (size before relaxing)
 .eh_frame      0x000000000012667c       0x24 binaries/ramread.o
                                         0x50 (size before relaxing)
 .eh_frame      0x00000000001266a0       0x24 binaries/ramwrite.o
                                         0x50 (size before relaxing)
 .eh_frame      0x00000000001266c4       0x30 binaries/lfdballoc.o
                                         0x5c (size before relaxing)
 .eh_frame      0x00000000001266f4       0x2c binaries/lfdbfree.o
                                         0x58 (size before relaxing)
 .eh_frame      0x0000000000126720       0x30 binaries/lfflush.o
                                         0x5c (size before relaxing)
 .eh_frame      0x0000000000126750       0x28 binaries/lfgetmode.o
                                         0x54 (size before relaxing)
 .eh_frame      0x0000000000126778       0x30 binaries/lfiballoc.o
                                         0x5c (size before relaxing)
 .eh_frame      0x00000000001267a8       0x20 binaries/lfibclear.o
                                         0x38 (size before relaxing)
 .eh_frame      0x00000000001267c8       0x2c binaries/lfibget.o
                                         0x58 (size before relaxing)
 .eh_frame      0x00000000001267f4       0x30 binaries/lfibput.o
                                         0x5c (size before relaxing)
 .eh_frame      0x0000000000126824       0x30 binaries/lflclose.o
                                         0x5c (size before relaxing)
 .eh_frame      0x0000000000126854       0x30 binaries/lflcontrol.o
                                         0x5c (size before relaxing)
 .eh_frame      0x0000000000126884       0x30 binaries/lflgetc.o
                                         0x5c (size before relaxing)
 .eh_frame      0x00000000001268b4       0x2c binaries/lflinit.o
                                         0x58 (size before relaxing)
 .eh_frame      0x00000000001268e0       0x30 binaries/lflputc.o
                                         0x5c (size before relaxing)
 .eh_frame      0x0000000000126910       0x30 binaries/lflread.o
                                         0x5c (size before relaxing)
 .eh_frame      0x0000000000126940       0x30 binaries/lflseek.o
                                         0x5c (size before relaxing)
 .eh_frame      0x0000000000126970       0x2c binaries/lflwrite.o
                                         0x58 (size before relaxing)
 .eh_frame      0x000000000012699c       0x30 binaries/lfsckfmt.o
                                         0x5c (size before relaxing)
 .eh_frame      0x00000000001269cc       0x54 binaries/lfscontrol.o
                                         0x94 (size before relaxing)
 .eh_frame      0x0000000000126a20       0x30 binaries/lfscreate.o
                                         0x5c (size before relaxing)
 .eh_frame      0x0000000000126a50       0x30 binaries/lfsetup.o
                                         0x5c (size before relaxing)
 .eh_frame      0x0000000000126a80       0x28 binaries/lfsinit.o
                                         0x54 (size before relaxing)
 .eh_frame      0x0000000000126aa8       0x30 binaries/lfsopen.o
                                         0x5c (size before relaxing)
 .eh_frame      0x0000000000126ad8       0x30 binaries/lftruncate.o
                                         0x5c (size before relaxing)
 .eh_frame      0x0000000000126b08       0x28 binaries/rflclose.o
                                         0x54 (size before relaxing)
 .eh_frame      0x0000000000126b30       0x28 binaries/rflgetc.o
                                         0x54 (size before relaxing)
 .eh_frame      0x0000000000126b58       0x2c binaries/rflinit.o
                                         0x58 (size before relaxing)
 .eh_frame      0x0000000000126b84       0x28 binaries/rflputc.o
                                         0x54 (size before relaxing)
 .eh_frame      0x0000000000126bac       0x30 binaries/rflread.o
                                         0x5c (size before relaxing)
 .eh_frame      0x0000000000126bdc       0x28 binaries/rflseek.o
                                         0x54 (size before relaxing)
 .eh_frame      0x0000000000126c04       0x30 binaries/rflwrite.o
                                         0x5c (size before relaxing)
 .eh_frame      0x0000000000126c34       0x30 binaries/rfscomm.o
                                         0x5c (size before relaxing)
 .eh_frame      0x0000000000126c64       0x30 binaries/rfscontrol.o
                                         0x5c (size before relaxing)
 .eh_frame      0x0000000000126c94       0x24 binaries/rfsgetmode.o
                                         0x3c (size before relaxing)
 .eh_frame      0x0000000000126cb8       0x2c binaries/rfsinit.o
                                         0x58 (size before relaxing)
 .eh_frame      0x0000000000126ce4       0x2c binaries/rfsndmsg.o
                                         0x58 (size before relaxing)
 .eh_frame      0x0000000000126d10       0x30 binaries/rfsopen.o
                                         0x5c (size before relaxing)
 .eh_frame      0x0000000000126d40       0x20 binaries/uechoclose.o
                                         0x38 (size before relaxing)
 .eh_frame      0x0000000000126d60       0x20 binaries/uechocontrol.o
                                         0x38 (size before relaxing)
 .eh_frame      0x0000000000126d80       0x30 binaries/uechoget.o
                                         0x5c (size before relaxing)
 .eh_frame      0x0000000000126db0       0x68 binaries/uechoinit.o
                                         0x94 (size before relaxing)
 .eh_frame      0x0000000000126e18       0x30 binaries/uechoopen.o
                                         0x5c (size before relaxing)
 .eh_frame      0x0000000000126e48       0x30 binaries/uechoputc.o
                                         0x5c (size before relaxing)
 .eh_frame      0x0000000000126e78       0x30 binaries/uechoread.o
                                         0x5c (size before relaxing)
 .eh_frame      0x0000000000126ea8       0x30 binaries/uechowrite.o
                                         0x5c (size before relaxing)
 .eh_frame      0x0000000000126ed8       0x28 binaries/ledclose.o
                                         0x54 (size before relaxing)
 .eh_frame      0x0000000000126f00       0x24 binaries/ledgetc.o
                                         0x50 (size before relaxing)
 .eh_frame      0x0000000000126f24       0x24 binaries/ledinit.o
                                         0x50 (size before relaxing)
 .eh_frame      0x0000000000126f48       0x20 binaries/ledopen.o
                                         0x4c (size before relaxing)
 .eh_frame      0x0000000000126f68       0x2c binaries/ledputc.o
                                         0x58 (size before relaxing)
 .eh_frame      0x0000000000126f94       0x28 binaries/ledread.o
                                         0x54 (size before relaxing)
 .eh_frame      0x0000000000126fbc       0x28 binaries/ledwrite.o